ARM Linker, 5.03 [Build 76] [MDK-ARM Standard]

==============================================================================

Section Cross References

    main.o(.text) refers to _printf_percent.o(.ARM.Collect$$_printf_percent$$00000000) for _printf_percent
    main.o(.text) refers to _printf_d.o(.ARM.Collect$$_printf_percent$$00000009) for _printf_d
    main.o(.text) refers to _printf_dec.o(.text) for _printf_int_dec
    main.o(.text) refers to bsp_ov7725.o(.text) for biaozhun
    main.o(.text) refers to noretval__2printf.o(.text) for __2printf
    main.o(.text) refers to usart1.o(.text) for usart1_init
    main.o(.text) refers to bsp_ili9341_lcd.o(.text) for LCD_Init
    main.o(.text) refers to delay.o(.text) for delay_init
    main.o(.text) refers to sys.o(.text) for NVIC_Configuration
    main.o(.text) refers to uart5.o(.text) for uart5_init
    main.o(.text) refers to bsp_key.o(.text) for Key_GPIO_Config
    main.o(.text) refers to pwm.o(.text) for PWM_OUTPUT
    main.o(.text) refers to go_ahead.o(.text) for zhili
    main.o(.text) refers to whole.o(.text) for xiao_leftturn
    main.o(.text) refers to timer.o(.text) for TIM3_Mode_Config
    main.o(.text) refers to bsp_ov7725.o(.data) for Ov7725_vsync
    main.o(.text) refers to main.o(.data) for result
    stm32f10x_it.o(.text) refers to stm32f10x_exti.o(.text) for EXTI_GetITStatus
    stm32f10x_it.o(.text) refers to bsp_ov7725.o(.data) for Ov7725_vsync
    system_stm32f10x.o(.text) refers to system_stm32f10x.o(.data) for SystemCoreClock
    bsp_ili9341_lcd.o(.text) refers to stm32f10x_rcc.o(.text) for RCC_AHBPeriphClockCmd
    bsp_ili9341_lcd.o(.text) refers to stm32f10x_gpio.o(.text) for GPIO_Init
    bsp_ili9341_lcd.o(.text) refers to stm32f10x_fsmc.o(.text) for FSMC_NORSRAMInit
    bsp_ov7725.o(.text) refers to _printf_percent.o(.ARM.Collect$$_printf_percent$$00000000) for _printf_percent
    bsp_ov7725.o(.text) refers to _printf_d.o(.ARM.Collect$$_printf_percent$$00000009) for _printf_d
    bsp_ov7725.o(.text) refers to _printf_dec.o(.text) for _printf_int_dec
    bsp_ov7725.o(.text) refers to stm32f10x_rcc.o(.text) for RCC_APB2PeriphClockCmd
    bsp_ov7725.o(.text) refers to stm32f10x_gpio.o(.text) for GPIO_Init
    bsp_ov7725.o(.text) refers to bsp_sccb.o(.text) for SCCB_GPIO_Config
    bsp_ov7725.o(.text) refers to misc.o(.text) for NVIC_PriorityGroupConfig
    bsp_ov7725.o(.text) refers to stm32f10x_exti.o(.text) for EXTI_Init
    bsp_ov7725.o(.text) refers to noretval__2printf.o(.text) for __2printf
    bsp_ov7725.o(.text) refers to rt_memclr_w.o(.text) for __aeabi_memclr4
    bsp_ov7725.o(.text) refers to bsp_ov7725.o(.data) for Sensor_Config
    bsp_sccb.o(.text) refers to stm32f10x_rcc.o(.text) for RCC_APB2PeriphClockCmd
    bsp_sccb.o(.text) refers to stm32f10x_gpio.o(.text) for GPIO_Init
    bsp_key.o(.text) refers to stm32f10x_rcc.o(.text) for RCC_APB2PeriphClockCmd
    bsp_key.o(.text) refers to stm32f10x_gpio.o(.text) for GPIO_Init
    bsp_led.o(.text) refers to stm32f10x_rcc.o(.text) for RCC_APB2PeriphClockCmd
    bsp_led.o(.text) refers to stm32f10x_gpio.o(.text) for GPIO_Init
    go_ahead.o(.text) refers to uart5.o(.text) for Action_write
    left_turn.o(.text) refers to uart5.o(.text) for Action_write
    right_turn.o(.text) refers to uart5.o(.text) for Action_write
    xiao_go_ahead.o(.text) refers to uart5.o(.text) for Action_write
    go_ahead_left.o(.text) refers to uart5.o(.text) for Action_write
    whole.o(.text) refers to go_ahead.o(.text) for l_mai
    whole.o(.text) refers to main.o(.text) for jiance
    whole.o(.text) refers to left_turn.o(.text) for xiao_leftturn_mai
    whole.o(.text) refers to right_turn.o(.text) for xiao_rightturn_mai
    whole.o(.text) refers to go_ahead_left.o(.text) for x_l_mai
    whole.o(.text) refers to main.o(.data) for go_flag
    pwm.o(.text) refers to f2d.o(x$fpl$f2d) for __aeabi_f2d
    pwm.o(.text) refers to dmul.o(x$fpl$dmul) for __aeabi_dmul
    pwm.o(.text) refers to daddsub_clz.o(x$fpl$dadd) for __aeabi_dadd
    pwm.o(.text) refers to dfixu.o(x$fpl$dfixu) for __aeabi_d2uiz
    pwm.o(.text) refers to fflt_clz.o(x$fpl$ffltu) for __aeabi_ui2f
    pwm.o(.text) refers to ffixu.o(x$fpl$ffixu) for __aeabi_f2uiz
    pwm.o(.text) refers to stm32f10x_tim.o(.text) for TIM_SetCompare2
    pwm.o(.text) refers to stm32f10x_rcc.o(.text) for RCC_APB1PeriphClockCmd
    pwm.o(.text) refers to stm32f10x_gpio.o(.text) for GPIO_Init
    startup_stm32f10x_hd.o(STACK) refers (Special) to heapauxi.o(.text) for __use_two_region_memory
    startup_stm32f10x_hd.o(HEAP) refers (Special) to heapauxi.o(.text) for __use_two_region_memory
    startup_stm32f10x_hd.o(RESET) refers (Special) to heapauxi.o(.text) for __use_two_region_memory
    startup_stm32f10x_hd.o(RESET) refers to startup_stm32f10x_hd.o(STACK) for __initial_sp
    startup_stm32f10x_hd.o(RESET) refers to startup_stm32f10x_hd.o(.text) for Reset_Handler
    startup_stm32f10x_hd.o(RESET) refers to stm32f10x_it.o(.text) for NMI_Handler
[...]
    ../clib/printf.c                         0x00000000   Number         0  noretval__2printf.o ABSOLUTE
    ../clib/printf.c                         0x00000000   Number         0  __printf_nopercent.o ABSOLUTE
    ../clib/printf_percent.s                 0x00000000   Number         0  _printf_percent_end.o ABSOLUTE
    ../clib/printf_percent.s                 0x00000000   Number         0  _printf_d.o ABSOLUTE
    ../clib/printf_percent.s                 0x00000000   Number         0  _printf_percent.o ABSOLUTE
    ../clib/signal.c                         0x00000000   Number         0  defsig_rtmem_outer.o ABSOLUTE
    ../clib/signal.c                         0x00000000   Number         0  defsig_rtmem_inner.o ABSOLUTE
    ../clib/signal.c                         0x00000000   Number         0  defsig_exit.o ABSOLUTE
    ../clib/signal.c                         0x00000000   Number         0  __raise.o ABSOLUTE
    ../clib/signal.c                         0x00000000   Number         0  defsig_general.o ABSOLUTE
    ../clib/signal.c                         0x00000000   Number         0  defsig_stak_inner.o ABSOLUTE
    ../clib/signal.c                         0x00000000   Number         0  defsig_fpe_inner.o ABSOLUTE
    ../clib/signal.c                         0x00000000   Number         0  defsig_pvfn_inner.o ABSOLUTE
    ../clib/signal.c                         0x00000000   Number         0  defsig_segv_inner.o ABSOLUTE
    ../clib/signal.c                         0x00000000   Number         0  defsig_cppl_inner.o ABSOLUTE
    ../clib/signal.c                         0x00000000   Number         0  defsig_other.o ABSOLUTE
    ../clib/signal.c                         0x00000000   Number         0  defsig_rtmem_formal.o ABSOLUTE
    ../clib/signal.c                         0x00000000   Number         0  defsig_rtred_inner.o ABSOLUTE
    ../clib/signal.c                         0x00000000   Number         0  defsig_abrt_inner.o ABSOLUTE
    ../clib/signal.s                         0x00000000   Number         0  defsig.o ABSOLUTE
    ../clib/stdio.c                          0x00000000   Number         0  ferror_locked.o ABSOLUTE
    ../clib/stdio.c                          0x00000000   Number         0  ferror.o ABSOLUTE
    ../clib/stdlib.c                         0x00000000   Number         0  exit.o ABSOLUTE
    ../fplib/daddsub.s                       0x00000000   Number         0  daddsub_clz.o ABSOLUTE
    ../fplib/dfixu.s                         0x00000000   Number         0  dfixu.o ABSOLUTE
    ../fplib/dmul.s                          0x00000000   Number         0  dmul.o ABSOLUTE
    ../fplib/dnaninf.s                       0x00000000   Number         0  dnaninf.o ABSOLUTE
    ../fplib/dretinf.s                       0x00000000   Number         0  dretinf.o ABSOLUTE
    ../fplib/f2d.s                           0x00000000   Number         0  f2d.o ABSOLUTE
    ../fplib/faddsub.s                       0x00000000   Number         0  faddsub_clz.o ABSOLUTE
    ../fplib/fdiv.s                          0x00000000   Number         0  fdiv.o ABSOLUTE
    ../fplib/ffixu.s                         0x00000000   Number         0  ffixu.o ABSOLUTE
    ../fplib/fflt.s                          0x00000000   Number         0  fflt_clz.o ABSOLUTE
    ../fplib/fmul.s                          0x00000000   Number         0  fmul.o ABSOLUTE
    ../fplib/fnaninf.s                       0x00000000   Number         0  fnaninf.o ABSOLUTE
    ../fplib/fpinit.s                        0x00000000   Number         0  fpinit.o ABSOLUTE
    ../fplib/fretinf.s                       0x00000000   Number         0  fretinf.o ABSOLUTE
    ../fplib/usenofp.s                       0x00000000   Number         0  usenofp.o ABSOLUTE
    ..\CORE\core_cm3.c                       0x00000000   Number         0  core_cm3.o ABSOLUTE
    ..\CORE\startup_stm32f10x_hd.s           0x00000000   Number         0  startup_stm32f10x_hd.o ABSOLUTE
    ..\HARDWARE\bsp_ili9341_lcd.c            0x00000000   Number         0  bsp_ili9341_lcd.o ABSOLUTE
    ..\HARDWARE\bsp_ov7725.c                 0x00000000   Number         0  bsp_ov7725.o ABSOLUTE
    ..\HARDWARE\bsp_sccb.c                   0x00000000   Number         0  bsp_sccb.o ABSOLUTE
    ..\HARDWARE\timer.c                      0x00000000   Number         0  timer.o ABSOLUTE
    ..\HARDWARE\uart5.c                      0x00000000   Number         0  uart5.o ABSOLUTE
    ..\HARDWARE\usart1.c                     0x00000000   Number         0  usart1.o ABSOLUTE
    ..\STM32F10x_FWLib\src\misc.c            0x00000000   Number         0  misc.o ABSOLUTE
    ..\STM32F10x_FWLib\src\stm32f10x_adc.c   0x00000000   Number         0  stm32f10x_adc.o ABSOLUTE
    ..\STM32F10x_FWLib\src\stm32f10x_bkp.c   0x00000000   Number         0  stm32f10x_bkp.o ABSOLUTE
    ..\STM32F10x_FWLib\src\stm32f10x_can.c   0x00000000   Number         0  stm32f10x_can.o ABSOLUTE
    ..\STM32F10x_FWLib\src\stm32f10x_cec.c   0x00000000   Number         0  stm32f10x_cec.o ABSOLUTE
    ..\STM32F10x_FWLib\src\stm32f10x_crc.c   0x00000000   Number         0  stm32f10x_crc.o ABSOLUTE
    ..\STM32F10x_FWLib\src\stm32f10x_dac.c   0x00000000   Number         0  stm32f10x_dac.o ABSOLUTE
    ..\STM32F10x_FWLib\src\stm32f10x_dbgmcu.c 0x00000000   Number         0  stm32f10x_dbgmcu.o ABSOLUTE
    ..\STM32F10x_FWLib\src\stm32f10x_dma.c   0x00000000   Number         0  stm32f10x_dma.o ABSOLUTE
    ..\STM32F10x_FWLib\src\stm32f10x_exti.c  0x00000000   Number         0  stm32f10x_exti.o ABSOLUTE
    ..\STM32F10x_FWLib\src\stm32f10x_flash.c 0x00000000   Number         0  stm32f10x_flash.o ABSOLUTE
    ..\STM32F10x_FWLib\src\stm32f10x_fsmc.c  0x00000000   Number         0  stm32f10x_fsmc.o ABSOLUTE
    ..\STM32F10x_FWLib\src\stm32f10x_gpio.c  0x00000000   Number         0  stm32f10x_gpio.o ABSOLUTE
    ..\STM32F10x_FWLib\src\stm32f10x_i2c.c   0x00000000   Number         0  stm32f10x_i2c.o ABSOLUTE
    ..\STM32F10x_FWLib\src\stm32f10x_iwdg.c  0x00000000   Number         0  stm32f10x_iwdg.o ABSOLUTE
    ..\STM32F10x_FWLib\src\stm32f10x_pwr.c   0x00000000   Number         0  stm32f10x_pwr.o ABSOLUTE
    ..\STM32F10x_FWLib\src\stm32f10x_rcc.c   0x00000000   Number         0  stm32f10x_rcc.o ABSOLUTE
    ..\STM32F10x_FWLib\src\stm32f10x_rtc.c   0x00000000   Number         0  stm32f10x_rtc.o ABSOLUTE
    ..\STM32F10x_FWLib\src\stm32f10x_sdio.c  0x00000000   Number         0  stm32f10x_sdio.o ABSOLUTE
    ..\STM32F10x_FWLib\src\stm32f10x_spi.c   0x00000000   Number         0  stm32f10x_spi.o ABSOLUTE
    ..\STM32F10x_FWLib\src\stm32f10x_tim.c   0x00000000   Number         0  stm32f10x_tim.o ABSOLUTE
    ..\STM32F10x_FWLib\src\stm32f10x_usart.c 0x00000000   Number         0  stm32f10x_usart.o ABSOLUTE
    ..\STM32F10x_FWLib\src\stm32f10x_wwdg.c  0x00000000   Number         0  stm32f10x_wwdg.o ABSOLUTE
    ..\SYSTEM\delay\delay.c                  0x00000000   Number         0  delay.o ABSOLUTE
    ..\SYSTEM\sys\sys.c                      0x00000000   Number         0  sys.o ABSOLUTE
    ..\\CORE\\core_cm3.c                     0x00000000   Number         0  core_cm3.o ABSOLUTE
    bsp_key.c                                0x00000000   Number         0  bsp_key.o ABSOLUTE
    bsp_led.c                                0x00000000   Number         0  bsp_led.o ABSOLUTE
    dc.s                                     0x00000000   Number         0  dc.o ABSOLUTE
    go_ahead.c                               0x00000000   Number         0  go_ahead.o ABSOLUTE
    go_ahead_left.c                          0x00000000   Number         0  go_ahead_left.o ABSOLUTE
    left_turn.c                              0x00000000   Number         0  left_turn.o ABSOLUTE
    main.c                                   0x00000000   Number         0  main.o ABSOLUTE
    pwm.c                                    0x00000000   Number         0  pwm.o ABSOLUTE
    right_turn.c                             0x00000000   Number         0  right_turn.o ABSOLUTE
    stm32f10x_it.c                           0x00000000   Number         0  stm32f10x_it.o ABSOLUTE
    system_stm32f10x.c                       0x00000000   Number         0  system_stm32f10x.o ABSOLUTE
    whole.c                                  0x00000000   Number         0  whole.o ABSOLUTE
    xiao_go_ahead.c                          0x00000000   Number         0  xiao_go_ahead.o ABSOLUTE
    RESET                                    0x08000000   Section      304  startup_stm32f10x_hd.o(RESET)
    !!!main                                  0x08000130   Section        8  __main.o(!!!main)
    !!!scatter                               0x08000138   Section       52  __scatter.o(!!!scatter)
    !!handler_copy                           0x0800016c   Section       26  __scatter_copy.o(!!handler_copy)
    !!handler_zi                             0x08000188   Section       28  __scatter_zi.o(!!handler_zi)
    .ARM.Collect$$_printf_percent$$00000000  0x080001a4   Section        0  _printf_percent.o(.ARM.Collect$$_printf_percent$$00000000)
    .ARM.Collect$$_printf_percent$$00000009  0x080001a4   Section        6  _printf_d.o(.ARM.Collect$$_printf_percent$$00000009)
    .ARM.Collect$$_printf_percent$$00000017  0x080001aa   Section        4  _printf_percent_end.o(.ARM.Collect$$_printf_percent$$00000017)
    .ARM.Collect$$libinit$$00000000          0x080001ae   Section        2  libinit.o(.ARM.Collect$$libinit$$00000000)
    .ARM.Collect$$libinit$$00000002          0x080001b0   Section        0  libinit2.o(.ARM.Collect$$libinit$$00000002)
    .ARM.Collect$$libinit$$00000008          0x080001b0   Section        0  libinit2.o(.ARM.Collect$$libinit$$00000008)
    .ARM.Collect$$libinit$$0000000A          0x080001b0   Section        0  libinit2.o(.ARM.Collect$$libinit$$0000000A)
    .ARM.Collect$$libinit$$0000000C          0x080001b0   Section        0  libinit2.o(.ARM.Collect$$libinit$$0000000C)
    .ARM.Collect$$libinit$$0000000F          0x080001b0   Section        0  libinit2.o(.ARM.Collect$$libinit$$0000000F)
    .ARM.Collect$$libinit$$00000011          0x080001b0   Section        0  libinit2.o(.ARM.Collect$$libinit$$00000011)
    .ARM.Collect$$libinit$$00000013          0x080001b0   Section        0  libinit2.o(.ARM.Collect$$libinit$$00000013)
    .ARM.Collect$$libinit$$00000015          0x080001b0   Section        0  libinit2.o(.ARM.Collect$$libinit$$00000015)
    .ARM.Collect$$libinit$$00000017          0x080001b0   Section        0  libinit2.o(.ARM.Collect$$libinit$$00000017)
    .ARM.Collect$$libinit$$00000019          0x080001b0   Section        0  libinit2.o(.ARM.Collect$$libinit$$00000019)
    .ARM.Collect$$libinit$$0000001B          0x080001b0   Section        0  libinit2.o(.ARM.Collect$$libinit$$0000001B)
    .ARM.Collect$$libinit$$0000001D          0x080001b0   Section        0  libinit2.o(.ARM.Collect$$libinit$$0000001D)
    .ARM.Collect$$libinit$$0000001F          0x080001b0   Section        0  libinit2.o(.ARM.Collect$$libinit$$0000001F)
    .ARM.Collect$$libinit$$00000021          0x080001b0   Section        0  libinit2.o(.ARM.Collect$$libinit$$00000021)
    .ARM.Collect$$libinit$$00000023          0x080001b0   Section        0  libinit2.o(.ARM.Collect$$libinit$$00000023)
    .ARM.Collect$$libinit$$0000002A          0x080001b0   Section        0  libinit2.o(.ARM.Collect$$libinit$$0000002A)
    .ARM.Collect$$libinit$$0000002C          0x080001b0   Section        0  libinit2.o(.ARM.Collect$$libinit$$0000002C)
    .ARM.Collect$$libinit$$0000002E          0x080001b0   Section        0  libinit2.o(.ARM.Collect$$libinit$$0000002E)
    .ARM.Collect$$libinit$$00000030          0x080001b0   Section        0  libinit2.o(.ARM.Collect$$libinit$$00000030)
    .ARM.Collect$$libinit$$00000031          0x080001b0   Section        2  libinit2.o(.ARM.Collect$$libinit$$00000031)
    .ARM.Collect$$libshutdown$$00000000      0x080001b2   Section        2  libshutdown.o(.ARM.Collect$$libshutdown$$00000000)
    .ARM.Collect$$libshutdown$$00000003      0x080001b4   Section        0  libshutdown2.o(.ARM.Collect$$libshutdown$$00000003)
    .ARM.Collect$$libshutdown$$00000006      0x080001b4   Section        0  libshutdown2.o(.ARM.Collect$$libshutdown$$00000006)
    .ARM.Collect$$libshutdown$$00000009      0x080001b4   Section        0  libshutdown2.o(.ARM.Collect$$libshutdown$$00000009)
    .ARM.Collect$$libshutdown$$0000000B      0x080001b4   Section        0  libshutdown2.o(.ARM.Collect$$libshutdown$$0000000B)
    .ARM.Collect$$libshutdown$$0000000E      0x080001b4   Section        0  libshutdown2.o(.ARM.Collect$$libshutdown$$0000000E)
    .ARM.Collect$$libshutdown$$0000000F      0x080001b4   Section        2  libshutdown2.o(.ARM.Collect$$libshutdown$$0000000F)
    .ARM.Collect$$rtentry$$00000000          0x080001b6   Section        0  rtentry.o(.ARM.Collect$$rtentry$$00000000)
    .ARM.Collect$$rtentry$$00000002          0x080001b6   Section        0  rtentry2.o(.ARM.Collect$$rtentry$$00000002)
    .ARM.Collect$$rtentry$$00000004          0x080001b6   Section        6  rtentry4.o(.ARM.Collect$$rtentry$$00000004)
    .ARM.Collect$$rtentry$$00000009          0x080001bc   Section        0  rtentry2.o(.ARM.Collect$$rtentry$$00000009)
    .ARM.Collect$$rtentry$$0000000A          0x080001bc   Section        4  rtentry2.o(.ARM.Collect$$rtentry$$0000000A)
    .ARM.Collect$$rtentry$$0000000C          0x080001c0   Section        0  rtentry2.o(.ARM.Collect$$rtentry$$0000000C)
    .ARM.Collect$$rtentry$$0000000D          0x080001c0   Section        8  rtentry2.o(.ARM.Collect$$rtentry$$0000000D)
    .ARM.Collect$$rtexit$$00000000           0x080001c8   Section        2  rtexit.o(.ARM.Collect$$rtexit$$00000000)
    .ARM.Collect$$rtexit$$00000002           0x080001ca   Section        0  rtexit2.o(.ARM.Collect$$rtexit$$00000002)
    .ARM.Collect$$rtexit$$00000003           0x080001ca   Section        4  rtexit2.o(.ARM.Collect$$rtexit$$00000003)
    .ARM.Collect$$rtexit$$00000004           0x080001ce   Section        6  rtexit2.o(.ARM.Collect$$rtexit$$00000004)
    .text                                    0x080001d4   Section        0  main.o(.text)
    .text                                    0x08000450   Section        0  stm32f10x_it.o(.text)
    .text                                    0x080004c8   Section        0  system_stm32f10x.o(.text)
    SetSysClockTo72                          0x080004c9   Thumb Code   212  system_stm32f10x.o(.text)
    SetSysClock                              0x0800059d   Thumb Code     8  system_stm32f10x.o(.text)
    .text                                    0x080006a4   Section        0  bsp_ili9341_lcd.o(.text)
    .text                                    0x080009fc   Section        0  bsp_ov7725.o(.text)
    FIFO_GPIO_Config                         0x080009fd   Thumb Code   148  bsp_ov7725.o(.text)
    VSYNC_GPIO_Configuration                 0x08000a9d   Thumb Code    38  bsp_ov7725.o(.text)
    VSYNC_NVIC_Configuration                 0x08000ac3   Thumb Code    40  bsp_ov7725.o(.text)
    VSYNC_EXTI_Configuration                 0x08000aeb   Thumb Code    46  bsp_ov7725.o(.text)
    .text                                    0x08000ee0   Section        0  bsp_sccb.o(.text)
    SCCB_delay                               0x08000f07   Thumb Code    16  bsp_sccb.o(.text)
    SCCB_Start                               0x08000f17   Thumb Code    78  bsp_sccb.o(.text)
    SCCB_Stop                                0x08000f65   Thumb Code    52  bsp_sccb.o(.text)
    SCCB_Ack                                 0x08000f99   Thumb Code    52  bsp_sccb.o(.text)
    SCCB_NoAck                               0x08000fcd   Thumb Code    52  bsp_sccb.o(.text)
    SCCB_WaitAck                             0x08001001   Thumb Code    72  bsp_sccb.o(.text)
    SCCB_SendByte                            0x08001049   Thumb Code    84  bsp_sccb.o(.text)
    SCCB_ReceiveByte                         0x0800109d   Thumb Code    80  bsp_sccb.o(.text)
    .text                                    0x080011ac   Section        0  bsp_key.o(.text)
    Key_Delay                                0x080011ad   Thumb Code    18  bsp_key.o(.text)
    .text                                    0x08001228   Section        0  go_ahead.o(.text)
    .text                                    0x08001944   Section        0  left_turn.o(.text)
    .text                                    0x08001bfe   Section        0  right_turn.o(.text)
    .text                                    0x08001eae   Section        0  go_ahead_left.o(.text)
    .text                                    0x080025cc   Section        0  whole.o(.text)
    .text                                    0x08002758   Section        0  pwm.o(.text)
    .text                                    0x080028e4   Section       64  startup_stm32f10x_hd.o(.text)
    .text                                    0x08002924   Section        0  misc.o(.text)
    .text                                    0x08002a00   Section        0  stm32f10x_exti.o(.text)
    .text                                    0x08002b1c   Section        0  stm32f10x_fsmc.o(.text)
    .text                                    0x08003134   Section        0  stm32f10x_gpio.o(.text)
    .text                                    0x0800348c   Section        0  stm32f10x_rcc.o(.text)
    .text                                    0x08003830   Section        0  stm32f10x_tim.o(.text)
    TI4_Config                               0x08003cd7   Thumb Code   130  stm32f10x_tim.o(.text)
    TI3_Config                               0x08003d6b   Thumb Code   122  stm32f10x_tim.o(.text)
    TI2_Config                               0x08003dff   Thumb Code   130  stm32f10x_tim.o(.text)
    TI1_Config                               0x08003e93   Thumb Code   108  stm32f10x_tim.o(.text)
    .text                                    0x0800464c   Section        0  stm32f10x_usart.o(.text)
    .text                                    0x08004a54   Section        0  delay.o(.text)
    .text                                    0x08004b24   Section        0  sys.o(.text)
    .text                                    0x08004b30   Section        0  timer.o(.text)
    .text                                    0x08004bc8   Section        0  uart5.o(.text)
    .text                                    0x080050a8   Section        0  usart1.o(.text)
    .text                                    0x08005238   Section        2  use_no_semi_2.o(.text)
    .text                                    0x0800523c   Section        0  noretval__2printf.o(.text)
    .text                                    0x08005254   Section        0  __printf.o(.text)
    .text                                    0x080052bc   Section        0  _printf_dec.o(.text)
    .text                                    0x08005334   Section       78  rt_memclr_w.o(.text)
    .text                                    0x08005382   Section        0  heapauxi.o(.text)
    .text                                    0x08005388   Section        2  use_no_semi.o(.text)
    .text                                    0x0800538a   Section        0  _printf_intcommon.o(.text)
    .text                                    0x08005444   Section        0  _printf_char_file.o(.text)
    .text                                    0x08005468   Section        0  _printf_char_common.o(.text)
    _printf_input_char                       0x08005469   Thumb Code    10  _printf_char_common.o(.text)
    .text                                    0x08005498   Section        0  ferror.o(.text)
    .text                                    0x080054a0   Section       74  sys_stackheap_outer.o(.text)
    .text                                    0x080054ea   Section        0  exit.o(.text)
    .text                                    0x080054f8   Section        8  libspace.o(.text)
    x$fpl$dadd                               0x08005500   Section      336  daddsub_clz.o(x$fpl$dadd)
    _dadd1                                   0x08005511   Thumb Code     0  daddsub_clz.o(x$fpl$dadd)
    x$fpl$dfixu                              0x08005650   Section       90  dfixu.o(x$fpl$dfixu)
    x$fpl$dmul                               0x080056ac   Section      340  dmul.o(x$fpl$dmul)
    x$fpl$dnaninf                            0x08005800   Section      156  dnaninf.o(x$fpl$dnaninf)
    x$fpl$dretinf                            0x0800589c   Section       12  dretinf.o(x$fpl$dretinf)
    x$fpl$dsub                               0x080058a8   Section      468  daddsub_clz.o(x$fpl$dsub)
    _dsub1                                   0x080058b9   Thumb Code     0  daddsub_clz.o(x$fpl$dsub)
    x$fpl$f2d                                0x08005a7c   Section       86  f2d.o(x$fpl$f2d)
    x$fpl$fadd                               0x08005ad4   Section      196  faddsub_clz.o(x$fpl$fadd)
    _fadd1                                   0x08005ae3   Thumb Code     0  faddsub_clz.o(x$fpl$fadd)
    x$fpl$fdiv                               0x08005b98   Section      388  fdiv.o(x$fpl$fdiv)
    _fdiv1                                   0x08005b99   Thumb Code     0  fdiv.o(x$fpl$fdiv)
    x$fpl$ffixu                              0x08005d1c   Section       62  ffixu.o(x$fpl$ffixu)
    x$fpl$ffltu                              0x08005d5c   Section       38  fflt_clz.o(x$fpl$ffltu)
    x$fpl$fmul                               0x08005d84   Section      258  fmul.o(x$fpl$fmul)
    x$fpl$fnaninf                            0x08005e86   Section      140  fnaninf.o(x$fpl$fnaninf)
    x$fpl$fretinf                            0x08005f12   Section       10  fretinf.o(x$fpl$fretinf)
    x$fpl$frsb                               0x08005f1c   Section       20  faddsub_clz.o(x$fpl$frsb)
    x$fpl$fsub                               0x08005f30   Section      234  faddsub_clz.o(x$fpl$fsub)
    _fsub1                                   0x08005f3f   Thumb Code     0  faddsub_clz.o(x$fpl$fsub)
    x$fpl$usenofp                            0x0800601a   Section        0  usenofp.o(x$fpl$usenofp)
    .data                                    0x20000000   Section        3  main.o(.data)
    .data                                    0x20000004   Section       20  system_stm32f10x.o(.data)
    .data                                    0x20000018   Section      156  bsp_ov7725.o(.data)
    .data                                    0x200000b4   Section       20  stm32f10x_rcc.o(.data)
    APBAHBPrescTable                         0x200000b4   Data          16  stm32f10x_rcc.o(.data)
    ADCPrescTable                            0x200000c4   Data           4  stm32f10x_rcc.o(.data)
    .data                                    0x200000c8   Section        4  delay.o(.data)
    fac_us                                   0x200000c8   Data           1  delay.o(.data)
    fac_ms                                   0x200000ca   Data           2  delay.o(.data)
    .data                                    0x200000cc   Section        8  usart1.o(.data)
    .bss                                     0x200000d4   Section       64  usart1.o(.bss)
    .bss                                     0x20000114   Section       96  libspace.o(.bss)
    HEAP                                     0x20000178   Section      512  startup_stm32f10x_hd.o(HEAP)
    Heap_Mem                                 0x20000178   Data         512  startup_stm32f10x_hd.o(HEAP)
    STACK                                    0x20000378   Section     1024  startup_stm32f10x_hd.o(STACK)
    Stack_Mem                                0x20000378   Data        1024  startup_stm32f10x_hd.o(STACK)
    __initial_sp                             0x20000778   Data           0  startup_stm32f10x_hd.o(STACK)

    Global Symbols

    Symbol Name                              Value     Ov Type        Size  Object(Section)

    BuildAttributes$$THM_ISAv4$P$D$K$B$S$PE$A:L22UL41UL21$X:L11$S22US41US21$IEEE1$IW$USESV6$~STKCKD$USESV7$~SHL$OSPACE$ROPI$EBA8$UX$STANDARDLIB$REQ8$PRES8$EABIv2 0x00000000   Number         0  anon$$obj.o ABSOLUTE
    __ARM_use_no_argv                        0x00000000   Number         0  main.o ABSOLUTE
    __ARM_exceptions_init                     - Undefined Weak Reference
    __alloca_initialize                       - Undefined Weak Reference
    __cpp_initialize__aeabi_                  - Undefined Weak Reference
    __cxa_finalize                            - Undefined Weak Reference
    __rt_locale                               - Undefined Weak Reference
    __sigvec_lookup                           - Undefined Weak Reference
    _atexit_init                              - Undefined Weak Reference
    _call_atexit_fns                          - Undefined Weak Reference
    _clock_init                               - Undefined Weak Reference
    _fp_trap_init                             - Undefined Weak Reference
    _fp_trap_shutdown                         - Undefined Weak Reference
    _get_lc_collate                           - Undefined Weak Reference
    _get_lc_ctype                             - Undefined Weak Reference
    _get_lc_monetary                          - Undefined Weak Reference
    _get_lc_numeric                           - Undefined Weak Reference
    _get_lc_time                              - Undefined Weak Reference
    _getenv_init                              - Undefined Weak Reference
    _handle_redirection                       - Undefined Weak Reference
    _init_alloc                               - Undefined Weak Reference
    _init_user_alloc                          - Undefined Weak Reference
    _initio                                   - Undefined Weak Reference
    _mutex_acquire                            - Undefined Weak Reference
    _mutex_release                            - Undefined Weak Reference
    _printf_post_padding                      - Undefined Weak Reference
    _printf_pre_padding                       - Undefined Weak Reference
    _printf_truncate_signed                   - Undefined Weak Reference
    _printf_truncate_unsigned                 - Undefined Weak Reference
    _rand_init                                - Undefined Weak Reference
    _signal_finish                            - Undefined Weak Reference
    _signal_init                              - Undefined Weak Reference
    _terminate_alloc                          - Undefined Weak Reference
    _terminate_user_alloc                     - Undefined Weak Reference
    _terminateio                              - Undefined Weak Reference
    __Vectors_Size                           0x00000130   Number         0  startup_stm32f10x_hd.o ABSOLUTE
    __Vectors                                0x08000000   Data           4  startup_stm32f10x_hd.o(RESET)
    __Vectors_End                            0x08000130   Data           0  startup_stm32f10x_hd.o(RESET)
    __main                                   0x08000131   Thumb Code     8  __main.o(!!!main)
    __scatterload                            0x08000139   Thumb Code     0  __scatter.o(!!!scatter)
    __scatterload_rt2                        0x08000139   Thumb Code    44  __scatter.o(!!!scatter)
    __scatterload_rt2_thumb_only             0x08000139   Thumb Code     0  __scatter.o(!!!scatter)
    __scatterload_null                       0x08000147   Thumb Code     0  __scatter.o(!!!scatter)
    __scatterload_copy                       0x0800016d   Thumb Code    26  __scatter_copy.o(!!handler_copy)
    __scatterload_zeroinit                   0x08000189   Thumb Code    28  __scatter_zi.o(!!handler_zi)
    _printf_d                                0x080001a5   Thumb Code     0  _printf_d.o(.ARM.Collect$$_printf_percent$$00000009)
    _printf_percent                          0x080001a5   Thumb Code     0  _printf_percent.o(.ARM.Collect$$_printf_percent$$00000000)
    _printf_percent_end                      0x080001ab   Thumb Code     0  _printf_percent_end.o(.ARM.Collect$$_printf_percent$$00000017)
    __rt_lib_init                            0x080001af   Thumb Code     0  libinit.o(.ARM.Collect$$libinit$$00000000)
    __rt_lib_init_alloca_1                   0x080001b1   Thumb Code     0  libinit2.o(.ARM.Collect$$libinit$$0000002C)
    __rt_lib_init_argv_1                     0x080001b1   Thumb Code     0  libinit2.o(.ARM.Collect$$libinit$$0000002A)
    __rt_lib_init_atexit_1                   0x080001b1   Thumb Code     0  libinit2.o(.ARM.Collect$$libinit$$00000019)
    __rt_lib_init_clock_1                    0x080001b1   Thumb Code     0  libinit2.o(.ARM.Collect$$libinit$$0000001F)
    __rt_lib_init_cpp_1                      0x080001b1   Thumb Code     0  libinit2.o(.ARM.Collect$$libinit$$00000030)
    __rt_lib_init_exceptions_1               0x080001b1   Thumb Code     0  libinit2.o(.ARM.Collect$$libinit$$0000002E)
    __rt_lib_init_fp_1                       0x080001b1   Thumb Code     0  libinit2.o(.ARM.Collect$$libinit$$00000002)
    __rt_lib_init_fp_trap_1                  0x080001b1   Thumb Code     0  libinit2.o(.ARM.Collect$$libinit$$0000001D)
    __rt_lib_init_getenv_1                   0x080001b1   Thumb Code     0  libinit2.o(.ARM.Collect$$libinit$$00000021)
    __rt_lib_init_heap_1                     0x080001b1   Thumb Code     0  libinit2.o(.ARM.Collect$$libinit$$00000008)
    __rt_lib_init_lc_collate_1               0x080001b1   Thumb Code     0  libinit2.o(.ARM.Collect$$libinit$$0000000F)
    __rt_lib_init_lc_ctype_1                 0x080001b1   Thumb Code     0  libinit2.o(.ARM.Collect$$libinit$$00000011)
    __rt_lib_init_lc_monetary_1              0x080001b1   Thumb Code     0  libinit2.o(.ARM.Collect$$libinit$$00000013)
    __rt_lib_init_lc_numeric_1               0x080001b1   Thumb Code     0  libinit2.o(.ARM.Collect$$libinit$$00000015)
    __rt_lib_init_lc_time_1                  0x080001b1   Thumb Code     0  libinit2.o(.ARM.Collect$$libinit$$00000017)
    __rt_lib_init_rand_1                     0x080001b1   Thumb Code     0  libinit2.o(.ARM.Collect$$libinit$$0000000C)
    __rt_lib_init_return                     0x080001b1   Thumb Code     0  libinit2.o(.ARM.Collect$$libinit$$00000031)
    __rt_lib_init_signal_1                   0x080001b1   Thumb Code     0  libinit2.o(.ARM.Collect$$libinit$$0000001B)
    __rt_lib_init_stdio_1                    0x080001b1   Thumb Code     0  libinit2.o(.ARM.Collect$$libinit$$00000023)
    __rt_lib_init_user_alloc_1               0x080001b1   Thumb Code     0  libinit2.o(.ARM.Collect$$libinit$$0000000A)
    __rt_lib_shutdown                        0x080001b3   Thumb Code     0  libshutdown.o(.ARM.Collect$$libshutdown$$00000000)
    __rt_lib_shutdown_fp_trap_1              0x080001b5   Thumb Code     0  libshutdown2.o(.ARM.Collect$$libshutdown$$00000006)
    __rt_lib_shutdown_heap_1                 0x080001b5   Thumb Code     0  libshutdown2.o(.ARM.Collect$$libshutdown$$0000000E)
    __rt_lib_shutdown_return                 0x080001b5   Thumb Code     0  libshutdown2.o(.ARM.Collect$$libshutdown$$0000000F)
    __rt_lib_shutdown_signal_1               0x080001b5   Thumb Code     0  libshutdown2.o(.ARM.Collect$$libshutdown$$00000009)
    __rt_lib_shutdown_stdio_1                0x080001b5   Thumb Code     0  libshutdown2.o(.ARM.Collect$$libshutdown$$00000003)
    __rt_lib_shutdown_user_alloc_1           0x080001b5   Thumb Code     0  libshutdown2.o(.ARM.Collect$$libshutdown$$0000000B)
    __rt_entry                               0x080001b7   Thumb Code     0  rtentry.o(.ARM.Collect$$rtentry$$00000000)
    __rt_entry_presh_1                       0x080001b7   Thumb Code     0  rtentry2.o(.ARM.Collect$$rtentry$$00000002)
    __rt_entry_sh                            0x080001b7   Thumb Code     0  rtentry4.o(.ARM.Collect$$rtentry$$00000004)
    __rt_entry_li                            0x080001bd   Thumb Code     0  rtentry2.o(.ARM.Collect$$rtentry$$0000000A)
    __rt_entry_postsh_1                      0x080001bd   Thumb Code     0  rtentry2.o(.ARM.Collect$$rtentry$$00000009)
    __rt_entry_main                          0x080001c1   Thumb Code     0  rtentry2.o(.ARM.Collect$$rtentry$$0000000D)
    __rt_entry_postli_1                      0x080001c1   Thumb Code     0  rtentry2.o(.ARM.Collect$$rtentry$$0000000C)
    __rt_exit                                0x080001c9   Thumb Code     0  rtexit.o(.ARM.Collect$$rtexit$$00000000)
    __rt_exit_ls                             0x080001cb   Thumb Code     0  rtexit2.o(.ARM.Collect$$rtexit$$00000003)
    __rt_exit_prels_1                        0x080001cb   Thumb Code     0  rtexit2.o(.ARM.Collect$$rtexit$$00000002)
    __rt_exit_exit                           0x080001cf   Thumb Code     0  rtexit2.o(.ARM.Collect$$rtexit$$00000004)
    jiance                                   0x080001d5   Thumb Code    70  main.o(.text)
    main                                     0x0800021b   Thumb Code   362  main.o(.text)
    ceshi                                    0x08000385   Thumb Code   158  main.o(.text)
    NMI_Handler                              0x08000451   Thumb Code     2  stm32f10x_it.o(.text)
    HardFault_Handler                        0x08000453   Thumb Code     4  stm32f10x_it.o(.text)
    MemManage_Handler                        0x08000457   Thumb Code     4  stm32f10x_it.o(.text)
    BusFault_Handler                         0x0800045b   Thumb Code     4  stm32f10x_it.o(.text)
    UsageFault_Handler                       0x0800045f   Thumb Code     4  stm32f10x_it.o(.text)
    SVC_Handler                              0x08000463   Thumb Code     2  stm32f10x_it.o(.text)
    DebugMon_Handler                         0x08000465   Thumb Code     2  stm32f10x_it.o(.text)
    PendSV_Handler                           0x08000467   Thumb Code     2  stm32f10x_it.o(.text)
    SysTick_Handler                          0x08000469   Thumb Code     2  stm32f10x_it.o(.text)
    EXTI0_IRQHandler                         0x0800046b   Thumb Code    80  stm32f10x_it.o(.text)
    SystemInit                               0x080005a5   Thumb Code    78  system_stm32f10x.o(.text)
    SystemCoreClockUpdate                    0x080005f3   Thumb Code   142  system_stm32f10x.o(.text)
    Lcd_Delay                                0x080006a5   Thumb Code    18  bsp_ili9341_lcd.o(.text)
    LCD_GPIO_Config                          0x080006b7   Thumb Code   170  bsp_ili9341_lcd.o(.text)
    LCD_FSMC_Config                          0x08000761   Thumb Code    92  bsp_ili9341_lcd.o(.text)
    LCD_Rst                                  0x080007bd   Thumb Code    32  bsp_ili9341_lcd.o(.text)
    LCD_REG_Config                           0x080007dd   Thumb Code   478  bsp_ili9341_lcd.o(.text)
    LCD_Init                                 0x080009bb   Thumb Code    46  bsp_ili9341_lcd.o(.text)
    Ov7725_GPIO_Config                       0x08000a91   Thumb Code    12  bsp_ov7725.o(.text)
    VSYNC_Init                               0x08000b19   Thumb Code    16  bsp_ov7725.o(.text)
    Ov7725_Init                              0x08000b29   Thumb Code    96  bsp_ov7725.o(.text)
    sort                                     0x08000b89   Thumb Code    64  bsp_ov7725.o(.text)
    getAverage                               0x08000bc9   Thumb Code   128  bsp_ov7725.o(.text)
    biaozhun                                 0x08000c49   Thumb Code   662  bsp_ov7725.o(.text)
    SCCB_GPIO_Config                         0x08000ee1   Thumb Code    38  bsp_sccb.o(.text)
    SCCB_WriteByte                           0x080010ed   Thumb Code    64  bsp_sccb.o(.text)
    SCCB_ReadByte                            0x0800112d   Thumb Code   122  bsp_sccb.o(.text)
    Key_GPIO_Config                          0x080011bf   Thumb Code    34  bsp_key.o(.text)
    Key_Scan                                 0x080011e1   Thumb Code    66  bsp_key.o(.text)
    zhili                                    0x08001229   Thumb Code   140  go_ahead.o(.text)
    l_first_tai0                             0x080012b5   Thumb Code   140  go_ahead.o(.text)
    l_first_tai1                             0x08001341   Thumb Code   140  go_ahead.o(.text)
    l_mai                                    0x080013cd   Thumb Code   140  go_ahead.o(.text)
    l_luo0                                   0x08001459   Thumb Code   140  go_ahead.o(.text)
    l_luo1                                   0x080014e5   Thumb Code   140  go_ahead.o(.text)
    r_tai0                                   0x08001571   Thumb Code   140  go_ahead.o(.text)
    r_tai1                                   0x080015fd   Thumb Code   140  go_ahead.o(.text)
    r_mai                                    0x08001689   Thumb Code   140  go_ahead.o(.text)
    r_luo0                                   0x08001715   Thumb Code   140  go_ahead.o(.text)
    r_luo1                                   0x080017a1   Thumb Code   140  go_ahead.o(.text)
    l_second_tai0                            0x0800182d   Thumb Code   140  go_ahead.o(.text)
    l_second_tai1                            0x080018b9   Thumb Code   140  go_ahead.o(.text)
    xiao_leftturn_mai                        0x08001945   Thumb Code   140  left_turn.o(.text)
    xiao_leftturn_luo                        0x080019d1   Thumb Code   138  left_turn.o(.text)
    xiao_leftturn_right_tai0                 0x08001a5b   Thumb Code   140  left_turn.o(.text)
    xiao_leftturn_right_tai0_tiaozheng       0x08001ae7   Thumb Code   140  left_turn.o(.text)
    xiao_leftturn_right_tai1                 0x08001b73   Thumb Code   140  left_turn.o(.text)
    xiao_rightturn_mai                       0x08001bff   Thumb Code   140  right_turn.o(.text)
    xiao_rightturn_luo                       0x08001c8b   Thumb Code   140  right_turn.o(.text)
    xiao_rightturn_left_tai0                 0x08001d17   Thumb Code   140  right_turn.o(.text)
    xiao_rightturn_left_tai0_tiaozheng       0x08001da3   Thumb Code   128  right_turn.o(.text)
    xiao_rightturn_left_tai1                 0x08001e23   Thumb Code   140  right_turn.o(.text)
    x_zhili                                  0x08001eaf   Thumb Code   140  go_ahead_left.o(.text)
    x_l_first_tai0                           0x08001f3b   Thumb Code   140  go_ahead_left.o(.text)
    x_l_first_tai1                           0x08001fc7   Thumb Code   140  go_ahead_left.o(.text)
    x_l_mai                                  0x08002053   Thumb Code   140  go_ahead_left.o(.text)
    x_l_luo0                                 0x080020df   Thumb Code   140  go_ahead_left.o(.text)
    x_l_luo1                                 0x0800216b   Thumb Code   140  go_ahead_left.o(.text)
    x_r_tai0                                 0x080021f7   Thumb Code   140  go_ahead_left.o(.text)
    x_r_tai1                                 0x08002283   Thumb Code   140  go_ahead_left.o(.text)
    x_r_mai                                  0x0800230f   Thumb Code   140  go_ahead_left.o(.text)
    x_r_luo0                                 0x0800239b   Thumb Code   140  go_ahead_left.o(.text)
    x_r_luo1                                 0x08002427   Thumb Code   140  go_ahead_left.o(.text)
    x_l_second_tai0                          0x080024b3   Thumb Code   140  go_ahead_left.o(.text)
    x_l_second_tai1                          0x0800253f   Thumb Code   140  go_ahead_left.o(.text)
    go_ahead_left                            0x080025cd   Thumb Code    34  whole.o(.text)
    go_ahead_right                           0x080025ef   Thumb Code    34  whole.o(.text)
    xiao_leftturn                            0x08002611   Thumb Code    54  whole.o(.text)
    xiao_rightturn                           0x08002647   Thumb Code    54  whole.o(.text)
    big_leftturn                             0x0800267d   Thumb Code    54  whole.o(.text)
    big_rightturn                            0x080026b3   Thumb Code    94  whole.o(.text)
    x_left                                   0x08002711   Thumb Code    34  whole.o(.text)
    x_right                                  0x08002733   Thumb Code    34  whole.o(.text)
    SetJointAngle_R                          0x08002759   Thumb Code    70  pwm.o(.text)
    SetJointAngle_L                          0x0800279f   Thumb Code    70  pwm.o(.text)
    hand_move1                               0x080027e5   Thumb Code    16  pwm.o(.text)
    hand_move2                               0x080027f5   Thumb Code    16  pwm.o(.text)
    PWM_OUTPUT                               0x08002805   Thumb Code   190  pwm.o(.text)
    Reset_Handler                            0x080028e5   Thumb Code     8  startup_stm32f10x_hd.o(.text)
    ADC1_2_IRQHandler                        0x080028ff   Thumb Code     0  startup_stm32f10x_hd.o(.text)
    ADC3_IRQHandler                          0x080028ff   Thumb Code     0  startup_stm32f10x_hd.o(.text)
    CAN1_RX1_IRQHandler                      0x080028ff   Thumb Code     0  startup_stm32f10x_hd.o(.text)
    CAN1_SCE_IRQHandler                      0x080028ff   Thumb Code     0  startup_stm32f10x_hd.o(.text)
    DMA1_Channel1_IRQHandler                 0x080028ff   Thumb Code     0  startup_stm32f10x_hd.o(.text)
    DMA1_Channel2_IRQHandler                 0x080028ff   Thumb Code     0  startup_stm32f10x_hd.o(.text)
    DMA1_Channel3_IRQHandler                 0x080028ff   Thumb Code     0  startup_stm32f10x_hd.o(.text)
    DMA1_Channel4_IRQHandler                 0x080028ff   Thumb Code     0  startup_stm32f10x_hd.o(.text)
    DMA1_Channel5_IRQHandler                 0x080028ff   Thumb Code     0  startup_stm32f10x_hd.o(.text)
    DMA1_Channel6_IRQHandler                 0x080028ff   Thumb Code     0  startup_stm32f10x_hd.o(.text)
    DMA1_Channel7_IRQHandler                 0x080028ff   Thumb Code     0  startup_stm32f10x_hd.o(.text)
    DMA2_Channel1_IRQHandler                 0x080028ff   Thumb Code     0  startup_stm32f10x_hd.o(.text)
    DMA2_Channel2_IRQHandler                 0x080028ff   Thumb Code     0  startup_stm32f10x_hd.o(.text)
    DMA2_Channel3_IRQHandler                 0x080028ff   Thumb Code     0  startup_stm32f10x_hd.o(.text)
    DMA2_Channel4_5_IRQHandler               0x080028ff   Thumb Code     0  startup_stm32f10x_hd.o(.text)
    EXTI15_10_IRQHandler                     0x080028ff   Thumb Code     0  startup_stm32f10x_hd.o(.text)
    EXTI1_IRQHandler                         0x080028ff   Thumb Code     0  startup_stm32f10x_hd.o(.text)
    EXTI2_IRQHandler                         0x080028ff   Thumb Code     0  startup_stm32f10x_hd.o(.text)
    EXTI3_IRQHandler                         0x080028ff   Thumb Code     0  startup_stm32f10x_hd.o(.text)
    EXTI4_IRQHandler                         0x080028ff   Thumb Code     0  startup_stm32f10x_hd.o(.text)
    EXTI9_5_IRQHandler                       0x080028ff   Thumb Code     0  startup_stm32f10x_hd.o(.text)
    FLASH_IRQHandler                         0x080028ff   Thumb Code     0  startup_stm32f10x_hd.o(.text)
    FSMC_IRQHandler                          0x080028ff   Thumb Code     0  startup_stm32f10x_hd.o(.text)
    I2C1_ER_IRQHandler                       0x080028ff   Thumb Code     0  startup_stm32f10x_hd.o(.text)
    I2C1_EV_IRQHandler                       0x080028ff   Thumb Code     0  startup_stm32f10x_hd.o(.text)
    I2C2_ER_IRQHandler                       0x080028ff   Thumb Code     0  startup_stm32f10x_hd.o(.text)
    I2C2_EV_IRQHandler                       0x080028ff   Thumb Code     0  startup_stm32f10x_hd.o(.text)
    PVD_IRQHandler                           0x080028ff   Thumb Code     0  startup_stm32f10x_hd.o(.text)
    RCC_IRQHandler                           0x080028ff   Thumb Code     0  startup_stm32f10x_hd.o(.text)
    RTCAlarm_IRQHandler                      0x080028ff   Thumb Code     0  startup_stm32f10x_hd.o(.text)
    RTC_IRQHandler                           0x080028ff   Thumb Code     0  startup_stm32f10x_hd.o(.text)
    SDIO_IRQHandler                          0x080028ff   Thumb Code     0  startup_stm32f10x_hd.o(.text)
    SPI1_IRQHandler                          0x080028ff   Thumb Code     0  startup_stm32f10x_hd.o(.text)
    SPI2_IRQHandler                          0x080028ff   Thumb Code     0  startup_stm32f10x_hd.o(.text)
    SPI3_IRQHandler                          0x080028ff   Thumb Code     0  startup_stm32f10x_hd.o(.text)
    TAMPER_IRQHandler                        0x080028ff   Thumb Code     0  startup_stm32f10x_hd.o(.text)
    TIM1_BRK_IRQHandler                      0x080028ff   Thumb Code     0  startup_stm32f10x_hd.o(.text)
    TIM1_CC_IRQHandler                       0x080028ff   Thumb Code     0  startup_stm32f10x_hd.o(.text)
    TIM1_TRG_COM_IRQHandler                  0x080028ff   Thumb Code     0  startup_stm32f10x_hd.o(.text)
    TIM1_UP_IRQHandler                       0x080028ff   Thumb Code     0  startup_stm32f10x_hd.o(.text)
    TIM2_IRQHandler                          0x080028ff   Thumb Code     0  startup_stm32f10x_hd.o(.text)
    TIM3_IRQHandler                          0x080028ff   Thumb Code     0  startup_stm32f10x_hd.o(.text)
    TIM4_IRQHandler                          0x080028ff   Thumb Code     0  startup_stm32f10x_hd.o(.text)
    TIM5_IRQHandler                          0x080028ff   Thumb Code     0  startup_stm32f10x_hd.o(.text)
    TIM6_IRQHandler                          0x080028ff   Thumb Code     0  startup_stm32f10x_hd.o(.text)
    TIM7_IRQHandler                          0x080028ff   Thumb Code     0  startup_stm32f10x_hd.o(.text)
    TIM8_BRK_IRQHandler                      0x080028ff   Thumb Code     0  startup_stm32f10x_hd.o(.text)
    TIM8_CC_IRQHandler                       0x080028ff   Thumb Code     0  startup_stm32f10x_hd.o(.text)
    TIM8_TRG_COM_IRQHandler                  0x080028ff   Thumb Code     0  startup_stm32f10x_hd.o(.text)
    TIM8_UP_IRQHandler                       0x080028ff   Thumb Code     0  startup_stm32f10x_hd.o(.text)
    UART4_IRQHandler                         0x080028ff   Thumb Code     0  startup_stm32f10x_hd.o(.text)
    USART2_IRQHandler                        0x080028ff   Thumb Code     0  startup_stm32f10x_hd.o(.text)
    USART3_IRQHandler                        0x080028ff   Thumb Code     0  startup_stm32f10x_hd.o(.text)
    USBWakeUp_IRQHandler                     0x080028ff   Thumb Code     0  startup_stm32f10x_hd.o(.text)
    USB_HP_CAN1_TX_IRQHandler                0x080028ff   Thumb Code     0  startup_stm32f10x_hd.o(.text)
    USB_LP_CAN1_RX0_IRQHandler               0x080028ff   Thumb Code     0  startup_stm32f10x_hd.o(.text)
    WWDG_IRQHandler                          0x080028ff   Thumb Code     0  startup_stm32f10x_hd.o(.text)
    __user_initial_stackheap                 0x08002901   Thumb Code     0  startup_stm32f10x_hd.o(.text)
    NVIC_PriorityGroupConfig                 0x08002925   Thumb Code    10  misc.o(.text)
    NVIC_Init                                0x0800292f   Thumb Code   102  misc.o(.text)
    NVIC_SetVectorTable                      0x08002995   Thumb Code    14  misc.o(.text)
    NVIC_SystemLPConfig                      0x080029a3   Thumb Code    34  misc.o(.text)
    SysTick_CLKSourceConfig                  0x080029c5   Thumb Code    40  misc.o(.text)
    EXTI_DeInit                              0x08002a01   Thumb Code    28  stm32f10x_exti.o(.text)
    EXTI_Init                                0x08002a1d   Thumb Code   142  stm32f10x_exti.o(.text)
    EXTI_StructInit                          0x08002aab   Thumb Code    16  stm32f10x_exti.o(.text)
    EXTI_GenerateSWInterrupt                 0x08002abb   Thumb Code    16  stm32f10x_exti.o(.text)
    EXTI_GetFlagStatus                       0x08002acb   Thumb Code    22  stm32f10x_exti.o(.text)
    EXTI_ClearFlag                           0x08002ae1   Thumb Code     8  stm32f10x_exti.o(.text)
    EXTI_GetITStatus                         0x08002ae9   Thumb Code    34  stm32f10x_exti.o(.text)
    EXTI_ClearITPendingBit                   0x08002b0b   Thumb Code     8  stm32f10x_exti.o(.text)
    FSMC_NORSRAMDeInit                       0x08002b1d   Thumb Code    56  stm32f10x_fsmc.o(.text)
    FSMC_NANDDeInit                          0x08002b55   Thumb Code    62  stm32f10x_fsmc.o(.text)
    FSMC_PCCARDDeInit                        0x08002b93   Thumb Code    40  stm32f10x_fsmc.o(.text)
    FSMC_NORSRAMInit                         0x08002bbb   Thumb Code   224  stm32f10x_fsmc.o(.text)
    FSMC_NANDInit                            0x08002c9b   Thumb Code   130  stm32f10x_fsmc.o(.text)
    FSMC_PCCARDInit                          0x08002d1d   Thumb Code   124  stm32f10x_fsmc.o(.text)
    FSMC_NORSRAMStructInit                   0x08002d99   Thumb Code   114  stm32f10x_fsmc.o(.text)
    FSMC_NANDStructInit                      0x08002e0b   Thumb Code    54  stm32f10x_fsmc.o(.text)
    FSMC_PCCARDStructInit                    0x08002e41   Thumb Code    60  stm32f10x_fsmc.o(.text)
    FSMC_NORSRAMCmd                          0x08002e7d   Thumb Code    46  stm32f10x_fsmc.o(.text)
    FSMC_NANDCmd                             0x08002eab   Thumb Code    86  stm32f10x_fsmc.o(.text)
    FSMC_PCCARDCmd                           0x08002f01   Thumb Code    40  stm32f10x_fsmc.o(.text)
    FSMC_NANDECCCmd                          0x08002f29   Thumb Code   118  stm32f10x_fsmc.o(.text)
    FSMC_GetECC                              0x08002f9f   Thumb Code    22  stm32f10x_fsmc.o(.text)
    FSMC_ITConfig                            0x08002fb5   Thumb Code   128  stm32f10x_fsmc.o(.text)
    FSMC_GetFlagStatus                       0x08003035   Thumb Code    48  stm32f10x_fsmc.o(.text)
    FSMC_ClearFlag                           0x08003065   Thumb Code    62  stm32f10x_fsmc.o(.text)
    FSMC_GetITStatus                         0x080030a3   Thumb Code    60  stm32f10x_fsmc.o(.text)
    FSMC_ClearITPendingBit                   0x080030df   Thumb Code    64  stm32f10x_fsmc.o(.text)
    GPIO_DeInit                              0x08003135   Thumb Code   172  stm32f10x_gpio.o(.text)
    GPIO_AFIODeInit                          0x080031e1   Thumb Code    20  stm32f10x_gpio.o(.text)
    GPIO_Init                                0x080031f5   Thumb Code   274  stm32f10x_gpio.o(.text)
    GPIO_StructInit                          0x08003307   Thumb Code    16  stm32f10x_gpio.o(.text)
    GPIO_ReadInputDataBit                    0x08003317   Thumb Code    18  stm32f10x_gpio.o(.text)
    GPIO_ReadInputData                       0x08003329   Thumb Code     8  stm32f10x_gpio.o(.text)
    GPIO_ReadOutputDataBit                   0x08003331   Thumb Code    18  stm32f10x_gpio.o(.text)
    GPIO_ReadOutputData                      0x08003343   Thumb Code     8  stm32f10x_gpio.o(.text)
    GPIO_SetBits                             0x0800334b   Thumb Code     4  stm32f10x_gpio.o(.text)
    GPIO_ResetBits                           0x0800334f   Thumb Code     4  stm32f10x_gpio.o(.text)
    GPIO_WriteBit                            0x08003353   Thumb Code    10  stm32f10x_gpio.o(.text)
    GPIO_Write                               0x0800335d   Thumb Code     4  stm32f10x_gpio.o(.text)
    GPIO_PinLockConfig                       0x08003361   Thumb Code    18  stm32f10x_gpio.o(.text)
    GPIO_EventOutputConfig                   0x08003373   Thumb Code    26  stm32f10x_gpio.o(.text)
    GPIO_EventOutputCmd                      0x0800338d   Thumb Code     6  stm32f10x_gpio.o(.text)
    GPIO_PinRemapConfig                      0x08003393   Thumb Code   138  stm32f10x_gpio.o(.text)
    GPIO_EXTILineConfig                      0x0800341d   Thumb Code    66  stm32f10x_gpio.o(.text)
    GPIO_ETH_MediaInterfaceConfig            0x0800345f   Thumb Code     6  stm32f10x_gpio.o(.text)
    RCC_DeInit                               0x0800348d   Thumb Code    64  stm32f10x_rcc.o(.text)
    RCC_HSEConfig                            0x080034cd   Thumb Code    70  stm32f10x_rcc.o(.text)
    RCC_GetFlagStatus                        0x08003513   Thumb Code    56  stm32f10x_rcc.o(.text)
    RCC_WaitForHSEStartUp                    0x0800354b   Thumb Code    56  stm32f10x_rcc.o(.text)
    RCC_AdjustHSICalibrationValue            0x08003583   Thumb Code    20  stm32f10x_rcc.o(.text)
    RCC_HSICmd                               0x08003597   Thumb Code     6  stm32f10x_rcc.o(.text)
    RCC_PLLConfig                            0x0800359d   Thumb Code    24  stm32f10x_rcc.o(.text)
    RCC_PLLCmd                               0x080035b5   Thumb Code     6  stm32f10x_rcc.o(.text)
    RCC_SYSCLKConfig                         0x080035bb   Thumb Code    18  stm32f10x_rcc.o(.text)
    RCC_GetSYSCLKSource                      0x080035cd   Thumb Code    10  stm32f10x_rcc.o(.text)
    RCC_HCLKConfig                           0x080035d7   Thumb Code    18  stm32f10x_rcc.o(.text)
    RCC_PCLK1Config                          0x080035e9   Thumb Code    18  stm32f10x_rcc.o(.text)
    RCC_PCLK2Config                          0x080035fb   Thumb Code    20  stm32f10x_rcc.o(.text)
    RCC_ITConfig                             0x0800360f   Thumb Code    26  stm32f10x_rcc.o(.text)
    RCC_USBCLKConfig                         0x08003629   Thumb Code     6  stm32f10x_rcc.o(.text)
    RCC_ADCCLKConfig                         0x0800362f   Thumb Code    18  stm32f10x_rcc.o(.text)
    RCC_LSEConfig                            0x08003641   Thumb Code    44  stm32f10x_rcc.o(.text)
    RCC_LSICmd                               0x0800366d   Thumb Code     6  stm32f10x_rcc.o(.text)
    RCC_RTCCLKConfig                         0x08003673   Thumb Code    12  stm32f10x_rcc.o(.text)
    RCC_RTCCLKCmd                            0x0800367f   Thumb Code     8  stm32f10x_rcc.o(.text)
    RCC_GetClocksFreq                        0x08003687   Thumb Code   192  stm32f10x_rcc.o(.text)
    RCC_AHBPeriphClockCmd                    0x08003747   Thumb Code    26  stm32f10x_rcc.o(.text)
    RCC_APB2PeriphClockCmd                   0x08003761   Thumb Code    26  stm32f10x_rcc.o(.text)
    RCC_APB1PeriphClockCmd                   0x0800377b   Thumb Code    26  stm32f10x_rcc.o(.text)
    RCC_APB2PeriphResetCmd                   0x08003795   Thumb Code    26  stm32f10x_rcc.o(.text)
    RCC_APB1PeriphResetCmd                   0x080037af   Thumb Code    26  stm32f10x_rcc.o(.text)
    RCC_BackupResetCmd                       0x080037c9   Thumb Code     8  stm32f10x_rcc.o(.text)
    RCC_ClockSecuritySystemCmd               0x080037d1   Thumb Code     6  stm32f10x_rcc.o(.text)
    RCC_MCOConfig                            0x080037d7   Thumb Code     6  stm32f10x_rcc.o(.text)
    RCC_ClearFlag                            0x080037dd   Thumb Code    14  stm32f10x_rcc.o(.text)
    RCC_GetITStatus                          0x080037eb   Thumb Code    20  stm32f10x_rcc.o(.text)
    RCC_ClearITPendingBit                    0x080037ff   Thumb Code     6  stm32f10x_rcc.o(.text)
    TIM_DeInit                               0x08003831   Thumb Code   424  stm32f10x_tim.o(.text)
    TIM_TimeBaseInit                         0x080039d9   Thumb Code   122  stm32f10x_tim.o(.text)
    TIM_OC1Init                              0x08003a53   Thumb Code   132  stm32f10x_tim.o(.text)
    TIM_OC2Init                              0x08003ad7   Thumb Code   154  stm32f10x_tim.o(.text)
    TIM_OC3Init                              0x08003b71   Thumb Code   150  stm32f10x_tim.o(.text)
    TIM_OC4Init                              0x08003c07   Thumb Code   182  stm32f10x_tim.o(.text)
    TIM_SetIC4Prescaler                      0x08003cbd   Thumb Code    26  stm32f10x_tim.o(.text)
    TIM_SetIC3Prescaler                      0x08003d59   Thumb Code    18  stm32f10x_tim.o(.text)
    TIM_SetIC2Prescaler                      0x08003de5   Thumb Code    26  stm32f10x_tim.o(.text)
    TIM_SetIC1Prescaler                      0x08003e81   Thumb Code    18  stm32f10x_tim.o(.text)
    TIM_ICInit                               0x08003eff   Thumb Code   150  stm32f10x_tim.o(.text)
    TIM_PWMIConfig                           0x08003f95   Thumb Code   124  stm32f10x_tim.o(.text)
    TIM_BDTRConfig                           0x08004011   Thumb Code    32  stm32f10x_tim.o(.text)
    TIM_TimeBaseStructInit                   0x08004031   Thumb Code    18  stm32f10x_tim.o(.text)
    TIM_OCStructInit                         0x08004043   Thumb Code    20  stm32f10x_tim.o(.text)
    TIM_ICStructInit                         0x08004057   Thumb Code    18  stm32f10x_tim.o(.text)
    TIM_BDTRStructInit                       0x08004069   Thumb Code    40  stm32f10x_tim.o(.text)
    TIM_Cmd                                  0x08004091   Thumb Code    24  stm32f10x_tim.o(.text)
    TIM_CtrlPWMOutputs                       0x080040a9   Thumb Code    30  stm32f10x_tim.o(.text)
    TIM_ITConfig                             0x080040c7   Thumb Code    18  stm32f10x_tim.o(.text)
    TIM_GenerateEvent                        0x080040d9   Thumb Code     4  stm32f10x_tim.o(.text)
    TIM_DMAConfig                            0x080040dd   Thumb Code    10  stm32f10x_tim.o(.text)
    TIM_DMACmd                               0x080040e7   Thumb Code    18  stm32f10x_tim.o(.text)
    TIM_InternalClockConfig                  0x080040f9   Thumb Code    12  stm32f10x_tim.o(.text)
    TIM_SelectInputTrigger                   0x08004105   Thumb Code    18  stm32f10x_tim.o(.text)
    TIM_ITRxExternalClockConfig              0x08004117   Thumb Code    24  stm32f10x_tim.o(.text)
    TIM_TIxExternalClockConfig               0x0800412f   Thumb Code    62  stm32f10x_tim.o(.text)
    TIM_ETRConfig                            0x0800416d   Thumb Code    28  stm32f10x_tim.o(.text)
    TIM_ETRClockMode1Config                  0x08004189   Thumb Code    54  stm32f10x_tim.o(.text)
    TIM_ETRClockMode2Config                  0x080041bf   Thumb Code    32  stm32f10x_tim.o(.text)
    TIM_PrescalerConfig                      0x080041df   Thumb Code     6  stm32f10x_tim.o(.text)
    TIM_CounterModeConfig                    0x080041e5   Thumb Code    18  stm32f10x_tim.o(.text)
    TIM_EncoderInterfaceConfig               0x080041f7   Thumb Code    66  stm32f10x_tim.o(.text)
    TIM_ForcedOC1Config                      0x08004239   Thumb Code    18  stm32f10x_tim.o(.text)
    TIM_ForcedOC2Config                      0x0800424b   Thumb Code    26  stm32f10x_tim.o(.text)
    TIM_ForcedOC3Config                      0x08004265   Thumb Code    18  stm32f10x_tim.o(.text)
    TIM_ForcedOC4Config                      0x08004277   Thumb Code    26  stm32f10x_tim.o(.text)
    TIM_ARRPreloadConfig                     0x08004291   Thumb Code    24  stm32f10x_tim.o(.text)
    TIM_SelectCOM                            0x080042a9   Thumb Code    24  stm32f10x_tim.o(.text)
    TIM_SelectCCDMA                          0x080042c1   Thumb Code    24  stm32f10x_tim.o(.text)
    TIM_CCPreloadControl                     0x080042d9   Thumb Code    24  stm32f10x_tim.o(.text)
    TIM_OC1PreloadConfig                     0x080042f1   Thumb Code    18  stm32f10x_tim.o(.text)
    TIM_OC2PreloadConfig                     0x08004303   Thumb Code    26  stm32f10x_tim.o(.text)
    TIM_OC3PreloadConfig                     0x0800431d   Thumb Code    18  stm32f10x_tim.o(.text)
    TIM_OC4PreloadConfig                     0x0800432f   Thumb Code    26  stm32f10x_tim.o(.text)
    TIM_OC1FastConfig                        0x08004349   Thumb Code    18  stm32f10x_tim.o(.text)
    TIM_OC2FastConfig                        0x0800435b   Thumb Code    26  stm32f10x_tim.o(.text)
    TIM_OC3FastConfig                        0x08004375   Thumb Code    18  stm32f10x_tim.o(.text)
    TIM_OC4FastConfig                        0x08004387   Thumb Code    26  stm32f10x_tim.o(.text)
    TIM_ClearOC1Ref                          0x080043a1   Thumb Code    18  stm32f10x_tim.o(.text)
    TIM_ClearOC2Ref                          0x080043b3   Thumb Code    24  stm32f10x_tim.o(.text)
    TIM_ClearOC3Ref                          0x080043cb   Thumb Code    18  stm32f10x_tim.o(.text)
    TIM_ClearOC4Ref                          0x080043dd   Thumb Code    24  stm32f10x_tim.o(.text)
    TIM_OC1PolarityConfig                    0x080043f5   Thumb Code    18  stm32f10x_tim.o(.text)
    TIM_OC1NPolarityConfig                   0x08004407   Thumb Code    18  stm32f10x_tim.o(.text)
    TIM_OC2PolarityConfig                    0x08004419   Thumb Code    26  stm32f10x_tim.o(.text)
    TIM_OC2NPolarityConfig                   0x08004433   Thumb Code    26  stm32f10x_tim.o(.text)
    TIM_OC3PolarityConfig                    0x0800444d   Thumb Code    26  stm32f10x_tim.o(.text)
    TIM_OC3NPolarityConfig                   0x08004467   Thumb Code    26  stm32f10x_tim.o(.text)
    TIM_OC4PolarityConfig                    0x08004481   Thumb Code    26  stm32f10x_tim.o(.text)
    TIM_CCxCmd                               0x0800449b   Thumb Code    30  stm32f10x_tim.o(.text)
    TIM_CCxNCmd                              0x080044b9   Thumb Code    30  stm32f10x_tim.o(.text)
    TIM_SelectOCxM                           0x080044d7   Thumb Code    82  stm32f10x_tim.o(.text)
    TIM_UpdateDisableConfig                  0x08004529   Thumb Code    24  stm32f10x_tim.o(.text)
    TIM_UpdateRequestConfig                  0x08004541   Thumb Code    24  stm32f10x_tim.o(.text)
    TIM_SelectHallSensor                     0x08004559   Thumb Code    24  stm32f10x_tim.o(.text)
    TIM_SelectOnePulseMode                   0x08004571   Thumb Code    18  stm32f10x_tim.o(.text)
    TIM_SelectOutputTrigger                  0x08004583   Thumb Code    18  stm32f10x_tim.o(.text)
    TIM_SelectSlaveMode                      0x08004595   Thumb Code    18  stm32f10x_tim.o(.text)
    TIM_SelectMasterSlaveMode                0x080045a7   Thumb Code    18  stm32f10x_tim.o(.text)
    TIM_SetCounter                           0x080045b9   Thumb Code     4  stm32f10x_tim.o(.text)
    TIM_SetAutoreload                        0x080045bd   Thumb Code     4  stm32f10x_tim.o(.text)
    TIM_SetCompare1                          0x080045c1   Thumb Code     4  stm32f10x_tim.o(.text)
    TIM_SetCompare2                          0x080045c5   Thumb Code     4  stm32f10x_tim.o(.text)
    TIM_SetCompare3                          0x080045c9   Thumb Code     4  stm32f10x_tim.o(.text)
    TIM_SetCompare4                          0x080045cd   Thumb Code     6  stm32f10x_tim.o(.text)
    TIM_SetClockDivision                     0x080045d3   Thumb Code    18  stm32f10x_tim.o(.text)
    TIM_GetCapture1                          0x080045e5   Thumb Code     6  stm32f10x_tim.o(.text)
    TIM_GetCapture2                          0x080045eb   Thumb Code     6  stm32f10x_tim.o(.text)
    TIM_GetCapture3                          0x080045f1   Thumb Code     6  stm32f10x_tim.o(.text)
    TIM_GetCapture4                          0x080045f7   Thumb Code     8  stm32f10x_tim.o(.text)
    TIM_GetCounter                           0x080045ff   Thumb Code     6  stm32f10x_tim.o(.text)
    TIM_GetPrescaler                         0x08004605   Thumb Code     6  stm32f10x_tim.o(.text)
    TIM_GetFlagStatus                        0x0800460b   Thumb Code    18  stm32f10x_tim.o(.text)
    TIM_ClearFlag                            0x0800461d   Thumb Code     6  stm32f10x_tim.o(.text)
    TIM_GetITStatus                          0x08004623   Thumb Code    34  stm32f10x_tim.o(.text)
    TIM_ClearITPendingBit                    0x08004645   Thumb Code     6  stm32f10x_tim.o(.text)
    USART_DeInit                             0x0800464d   Thumb Code   134  stm32f10x_usart.o(.text)
    USART_Init                               0x080046d3   Thumb Code   210  stm32f10x_usart.o(.text)
    USART_StructInit                         0x080047a5   Thumb Code    24  stm32f10x_usart.o(.text)
    USART_ClockInit                          0x080047bd   Thumb Code    34  stm32f10x_usart.o(.text)
    USART_ClockStructInit                    0x080047df   Thumb Code    12  stm32f10x_usart.o(.text)
    USART_Cmd                                0x080047eb   Thumb Code    24  stm32f10x_usart.o(.text)
    USART_ITConfig                           0x08004803   Thumb Code    74  stm32f10x_usart.o(.text)
    USART_DMACmd                             0x0800484d   Thumb Code    18  stm32f10x_usart.o(.text)
    USART_SetAddress                         0x0800485f   Thumb Code    18  stm32f10x_usart.o(.text)
    USART_WakeUpConfig                       0x08004871   Thumb Code    18  stm32f10x_usart.o(.text)
    USART_ReceiverWakeUpCmd                  0x08004883   Thumb Code    24  stm32f10x_usart.o(.text)
    USART_LINBreakDetectLengthConfig         0x0800489b   Thumb Code    18  stm32f10x_usart.o(.text)
    USART_LINCmd                             0x080048ad   Thumb Code    24  stm32f10x_usart.o(.text)
    USART_SendData                           0x080048c5   Thumb Code     8  stm32f10x_usart.o(.text)
    USART_ReceiveData                        0x080048cd   Thumb Code    10  stm32f10x_usart.o(.text)
    USART_SendBreak                          0x080048d7   Thumb Code    10  stm32f10x_usart.o(.text)
    USART_SetGuardTime                       0x080048e1   Thumb Code    16  stm32f10x_usart.o(.text)
    USART_SetPrescaler                       0x080048f1   Thumb Code    16  stm32f10x_usart.o(.text)
    USART_SmartCardCmd                       0x08004901   Thumb Code    24  stm32f10x_usart.o(.text)
    USART_SmartCardNACKCmd                   0x08004919   Thumb Code    24  stm32f10x_usart.o(.text)
    USART_HalfDuplexCmd                      0x08004931   Thumb Code    24  stm32f10x_usart.o(.text)
    USART_OverSampling8Cmd                   0x08004949   Thumb Code    22  stm32f10x_usart.o(.text)
    USART_OneBitMethodCmd                    0x0800495f   Thumb Code    24  stm32f10x_usart.o(.text)
    USART_IrDAConfig                         0x08004977   Thumb Code    18  stm32f10x_usart.o(.text)
    USART_IrDACmd                            0x08004989   Thumb Code    24  stm32f10x_usart.o(.text)
    USART_GetFlagStatus                      0x080049a1   Thumb Code    26  stm32f10x_usart.o(.text)
    USART_ClearFlag                          0x080049bb   Thumb Code    18  stm32f10x_usart.o(.text)
    USART_GetITStatus                        0x080049cd   Thumb Code    84  stm32f10x_usart.o(.text)
    USART_ClearITPendingBit                  0x08004a21   Thumb Code    52  stm32f10x_usart.o(.text)
    delay_init                               0x08004a55   Thumb Code    50  delay.o(.text)
    delay_us                                 0x08004a87   Thumb Code    70  delay.o(.text)
    delay_ms                                 0x08004acd   Thumb Code    70  delay.o(.text)
    NVIC_Configuration                       0x08004b25   Thumb Code    12  sys.o(.text)
    TIM3_Mode_Config                         0x08004b31   Thumb Code    98  timer.o(.text)
    TIM3_GPIO_Config                         0x08004b93   Thumb Code    46  timer.o(.text)
    uart5_init                               0x08004bc9   Thumb Code   142  uart5.o(.text)
    UART5_IRQHandler                         0x08004c57   Thumb Code     2  uart5.o(.text)
    Send_turn5                               0x08004c59   Thumb Code    18  uart5.o(.text)
    SetServoLimit                            0x08004c6b   Thumb Code   186  uart5.o(.text)
    SetServoPosition                         0x08004d25   Thumb Code   186  uart5.o(.text)
    together                                 0x08004ddf   Thumb Code   296  uart5.o(.text)
    Action_write                             0x08004f07   Thumb Code   162  uart5.o(.text)
    Action                                   0x08004fa9   Thumb Code    80  uart5.o(.text)
    ping                                     0x08004ff9   Thumb Code    70  uart5.o(.text)
    arm_init                                 0x0800503f   Thumb Code   100  uart5.o(.text)
    _sys_exit                                0x080050a9   Thumb Code     6  usart1.o(.text)
    fputc                                    0x080050af   Thumb Code    22  usart1.o(.text)
    USART1_IRQHandler                        0x080050c5   Thumb Code   118  usart1.o(.text)
    usart1_init                              0x0800513b   Thumb Code   230  usart1.o(.text)
    __use_no_semihosting                     0x08005239   Thumb Code     2  use_no_semi_2.o(.text)
    __2printf                                0x0800523d   Thumb Code    20  noretval__2printf.o(.text)
    __printf                                 0x08005255   Thumb Code   104  __printf.o(.text)
    _printf_int_dec                          0x080052bd   Thumb Code   102  _printf_dec.o(.text)
    __aeabi_memclr4                          0x08005335   Thumb Code     0  rt_memclr_w.o(.text)
    __aeabi_memclr8                          0x08005335   Thumb Code     0  rt_memclr_w.o(.text)
    __rt_memclr_w                            0x08005335   Thumb Code    78  rt_memclr_w.o(.text)
    _memset_w                                0x08005339   Thumb Code     0  rt_memclr_w.o(.text)
    __use_two_region_memory                  0x08005383   Thumb Code     2  heapauxi.o(.text)
    __rt_heap_escrow$2region                 0x08005385   Thumb Code     2  heapauxi.o(.text)
    __rt_heap_expand$2region                 0x08005387   Thumb Code     2  heapauxi.o(.text)
    __I$use$semihosting                      0x08005389   Thumb Code     0  use_no_semi.o(.text)
    __use_no_semihosting_swi                 0x08005389   Thumb Code     2  use_no_semi.o(.text)
    _printf_int_common                       0x0800538b   Thumb Code   184  _printf_intcommon.o(.text)
    _printf_char_file                        0x08005445   Thumb Code    32  _printf_char_file.o(.text)
    _printf_char_common                      0x08005473   Thumb Code    32  _printf_char_common.o(.text)
    ferror                                   0x08005499   Thumb Code     8  ferror.o(.text)
    __user_setup_stackheap                   0x080054a1   Thumb Code    74  sys_stackheap_outer.o(.text)
    exit                                     0x080054eb   Thumb Code    12  exit.o(.text)
    __user_libspace                          0x080054f9   Thumb Code     8  libspace.o(.text)
    __user_perproc_libspace                  0x080054f9   Thumb Code     0  libspace.o(.text)
    __user_perthread_libspace                0x080054f9   Thumb Code     0  libspace.o(.text)
    __aeabi_dadd                             0x08005501   Thumb Code     0  daddsub_clz.o(x$fpl$dadd)
    _dadd                                    0x08005501   Thumb Code   332  daddsub_clz.o(x$fpl$dadd)
    __aeabi_d2uiz                            0x08005651   Thumb Code     0  dfixu.o(x$fpl$dfixu)
    _dfixu                                   0x08005651   Thumb Code    90  dfixu.o(x$fpl$dfixu)
    __aeabi_dmul                             0x080056ad   Thumb Code     0  dmul.o(x$fpl$dmul)
    _dmul                                    0x080056ad   Thumb Code   332  dmul.o(x$fpl$dmul)
    __fpl_dnaninf                            0x08005801   Thumb Code   156  dnaninf.o(x$fpl$dnaninf)
    __fpl_dretinf                            0x0800589d   Thumb Code    12  dretinf.o(x$fpl$dretinf)
    __aeabi_dsub                             0x080058a9   Thumb Code     0  daddsub_clz.o(x$fpl$dsub)
    _dsub                                    0x080058a9   Thumb Code   464  daddsub_clz.o(x$fpl$dsub)
    __aeabi_f2d                              0x08005a7d   Thumb Code     0  f2d.o(x$fpl$f2d)
    _f2d                                     0x08005a7d   Thumb Code    86  f2d.o(x$fpl$f2d)
    __aeabi_fadd                             0x08005ad5   Thumb Code     0  faddsub_clz.o(x$fpl$fadd)
    _fadd                                    0x08005ad5   Thumb Code   196  faddsub_clz.o(x$fpl$fadd)
    __aeabi_fdiv                             0x08005b99   Thumb Code     0  fdiv.o(x$fpl$fdiv)
    _fdiv                                    0x08005b99   Thumb Code   384  fdiv.o(x$fpl$fdiv)
    __aeabi_f2uiz                            0x08005d1d   Thumb Code     0  ffixu.o(x$fpl$ffixu)
    _ffixu                                   0x08005d1d   Thumb Code    62  ffixu.o(x$fpl$ffixu)
    __aeabi_ui2f                             0x08005d5d   Thumb Code     0  fflt_clz.o(x$fpl$ffltu)
    _ffltu                                   0x08005d5d   Thumb Code    38  fflt_clz.o(x$fpl$ffltu)
    __aeabi_fmul                             0x08005d85   Thumb Code     0  fmul.o(x$fpl$fmul)
    _fmul                                    0x08005d85   Thumb Code   258  fmul.o(x$fpl$fmul)
    __fpl_fnaninf                            0x08005e87   Thumb Code   140  fnaninf.o(x$fpl$fnaninf)
    __fpl_fretinf                            0x08005f13   Thumb Code    10  fretinf.o(x$fpl$fretinf)
    __aeabi_frsub                            0x08005f1d   Thumb Code     0  faddsub_clz.o(x$fpl$frsb)
    _frsb                                    0x08005f1d   Thumb Code    20  faddsub_clz.o(x$fpl$frsb)
    __aeabi_fsub                             0x08005f31   Thumb Code     0  faddsub_clz.o(x$fpl$fsub)
    _fsub                                    0x08005f31   Thumb Code   234  faddsub_clz.o(x$fpl$fsub)
    __I$use$fp                               0x0800601a   Number         0  usenofp.o(x$fpl$usenofp)
    Region$$Table$$Base                      0x0800601c   Number         0  anon$$obj.o(Region$$Table)
    Region$$Table$$Limit                     0x0800603c   Number         0  anon$$obj.o(Region$$Table)
    result                                   0x20000000   Data           1  main.o(.data)
    go_flag                                  0x20000001   Data           1  main.o(.data)
    i                                        0x20000002   Data           1  main.o(.data)
    SystemCoreClock                          0x20000004   Data           4  system_stm32f10x.o(.data)
    AHBPrescTable                            0x20000008   Data          16  system_stm32f10x.o(.data)
    Sensor_Config                            0x20000018   Data         154  bsp_ov7725.o(.data)
    OV7725_REG_NUM                           0x200000b2   Data           1  bsp_ov7725.o(.data)
    Ov7725_vsync                             0x200000b3   Data           1  bsp_ov7725.o(.data)
    USART_RX_STA                             0x200000cc   Data           1  usart1.o(.data)
    __stdout                                 0x200000d0   Data           4  usart1.o(.data)
    USART_RX_BUF                             0x200000d4   Data          64  usart1.o(.bss)
    __libspace_start                         0x20000114   Data          96  libspace.o(.bss)
    __temporary_stack_top$libspace           0x20000174   Data           0  libspace.o(.bss)



==============================================================================

Memory Map of the image

  Image Entry point : 0x08000131

  Load Region LR_IROM1 (Base: 0x08000000, Size: 0x00006110, Max: 0x00080000, ABSOLUTE)

    Execution Region ER_IROM1 (Base: 0x08000000, Size: 0x0000603c, Max: 0x00080000, ABSOLUTE)

    Base Addr    Size         Type   Attr      Idx    E Section Name        Object

    0x08000000   0x00000130   Data   RO          710    RESET               startup_stm32f10x_hd.o
    0x08000130   0x00000008   Code   RO         1163  * !!!main             c_w.l(__main.o)
    0x08000138   0x00000034   Code   RO         1373    !!!scatter          c_w.l(__scatter.o)
    0x0800016c   0x0000001a   Code   RO         1375    !!handler_copy      c_w.l(__scatter_copy.o)
    0x08000186   0x00000002   PAD
    0x08000188   0x0000001c   Code   RO         1377    !!handler_zi        c_w.l(__scatter_zi.o)
    0x080001a4   0x00000000   Code   RO         1158    .ARM.Collect$$_printf_percent$$00000000  c_w.l(_printf_percent.o)
    0x080001a4   0x00000006   Code   RO         1157    .ARM.Collect$$_printf_percent$$00000009  c_w.l(_printf_d.o)
    0x080001aa   0x00000004   Code   RO         1208    .ARM.Collect$$_printf_percent$$00000017  c_w.l(_printf_percent_end.o)
    0x080001ae   0x00000002   Code   RO         1250    .ARM.Collect$$libinit$$00000000  c_w.l(libinit.o)
    0x080001b0   0x00000000   Code   RO         1257    .ARM.Collect$$libinit$$00000002  c_w.l(libinit2.o)
    0x080001b0   0x00000000   Code   RO         1260    .ARM.Collect$$libinit$$00000008  c_w.l(libinit2.o)
    0x080001b0   0x00000000   Code   RO         1262    .ARM.Collect$$libinit$$0000000A  c_w.l(libinit2.o)
    0x080001b0   0x00000000   Code   RO         1264    .ARM.Collect$$libinit$$0000000C  c_w.l(libinit2.o)
    0x080001b0   0x00000000   Code   RO         1267    .ARM.Collect$$libinit$$0000000F  c_w.l(libinit2.o)
    0x080001b0   0x00000000   Code   RO         1269    .ARM.Collect$$libinit$$00000011  c_w.l(libinit2.o)
    0x080001b0   0x00000000   Code   RO         1271    .ARM.Collect$$libinit$$00000013  c_w.l(libinit2.o)
    0x080001b0   0x00000000   Code   RO         1273    .ARM.Collect$$libinit$$00000015  c_w.l(libinit2.o)
    0x080001b0   0x00000000   Code   RO         1275    .ARM.Collect$$libinit$$00000017  c_w.l(libinit2.o)
    0x080001b0   0x00000000   Code   RO         1277    .ARM.Collect$$libinit$$00000019  c_w.l(libinit2.o)
    0x080001b0   0x00000000   Code   RO         1279    .ARM.Collect$$libinit$$0000001B  c_w.l(libinit2.o)
    0x080001b0   0x00000000   Code   RO         1281    .ARM.Collect$$libinit$$0000001D  c_w.l(libinit2.o)
    0x080001b0   0x00000000   Code   RO         1283    .ARM.Collect$$libinit$$0000001F  c_w.l(libinit2.o)
    0x080001b0   0x00000000   Code   RO         1285    .ARM.Collect$$libinit$$00000021  c_w.l(libinit2.o)
    0x080001b0   0x00000000   Code   RO         1287    .ARM.Collect$$libinit$$00000023  c_w.l(libinit2.o)
    0x080001b0   0x00000000   Code   RO         1291    .ARM.Collect$$libinit$$0000002A  c_w.l(libinit2.o)
    0x080001b0   0x00000000   Code   RO         1293    .ARM.Collect$$libinit$$0000002C  c_w.l(libinit2.o)
    0x080001b0   0x00000000   Code   RO         1295    .ARM.Collect$$libinit$$0000002E  c_w.l(libinit2.o)
    0x080001b0   0x00000000   Code   RO         1297    .ARM.Collect$$libinit$$00000030  c_w.l(libinit2.o)
    0x080001b0   0x00000002   Code   RO         1298    .ARM.Collect$$libinit$$00000031  c_w.l(libinit2.o)
    0x080001b2   0x00000002   Code   RO         1316    .ARM.Collect$$libshutdown$$00000000  c_w.l(libshutdown.o)
    0x080001b4   0x00000000   Code   RO         1327    .ARM.Collect$$libshutdown$$00000003  c_w.l(libshutdown2.o)
    0x080001b4   0x00000000   Code   RO         1330    .ARM.Collect$$libshutdown$$00000006  c_w.l(libshutdown2.o)
    0x080001b4   0x00000000   Code   RO         1333    .ARM.Collect$$libshutdown$$00000009  c_w.l(libshutdown2.o)
    0x080001b4   0x00000000   Code   RO         1335    .ARM.Collect$$libshutdown$$0000000B  c_w.l(libshutdown2.o)
    0x080001b4   0x00000000   Code   RO         1338    .ARM.Collect$$libshutdown$$0000000E  c_w.l(libshutdown2.o)
    0x080001b4   0x00000002   Code   RO         1339    .ARM.Collect$$libshutdown$$0000000F  c_w.l(libshutdown2.o)
    0x080001b6   0x00000000   Code   RO         1203    .ARM.Collect$$rtentry$$00000000  c_w.l(rtentry.o)
    0x080001b6   0x00000000   Code   RO         1219    .ARM.Collect$$rtentry$$00000002  c_w.l(rtentry2.o)
    0x080001b6   0x00000006   Code   RO         1231    .ARM.Collect$$rtentry$$00000004  c_w.l(rtentry4.o)
    0x080001bc   0x00000000   Code   RO         1221    .ARM.Collect$$rtentry$$00000009  c_w.l(rtentry2.o)
    0x080001bc   0x00000004   Code   RO         1222    .ARM.Collect$$rtentry$$0000000A  c_w.l(rtentry2.o)
    0x080001c0   0x00000000   Code   RO         1224    .ARM.Collect$$rtentry$$0000000C  c_w.l(rtentry2.o)
    0x080001c0   0x00000008   Code   RO         1225    .ARM.Collect$$rtentry$$0000000D  c_w.l(rtentry2.o)
    0x080001c8   0x00000002   Code   RO         1254    .ARM.Collect$$rtexit$$00000000  c_w.l(rtexit.o)
    0x080001ca   0x00000000   Code   RO         1300    .ARM.Collect$$rtexit$$00000002  c_w.l(rtexit2.o)
    0x080001ca   0x00000004   Code   RO         1301    .ARM.Collect$$rtexit$$00000003  c_w.l(rtexit2.o)
    0x080001ce   0x00000006   Code   RO         1302    .ARM.Collect$$rtexit$$00000004  c_w.l(rtexit2.o)
    0x080001d4   0x0000027c   Code   RO            1    .text               main.o
    0x08000450   0x00000078   Code   RO          124    .text               stm32f10x_it.o
    0x080004c8   0x000001dc   Code   RO          184    .text               system_stm32f10x.o
    0x080006a4   0x00000358   Code   RO          202    .text               bsp_ili9341_lcd.o
    0x080009fc   0x000004e2   Code   RO          240    .text               bsp_ov7725.o
    0x08000ede   0x00000002   PAD
    0x08000ee0   0x000002cc   Code   RO          305    .text               bsp_sccb.o
    0x080011ac   0x0000007c   Code   RO          320    .text               bsp_key.o
    0x08001228   0x0000071c   Code   RO          350    .text               go_ahead.o
    0x08001944   0x000002ba   Code   RO          462    .text               left_turn.o
    0x08001bfe   0x000002b0   Code   RO          567    .text               right_turn.o
    0x08001eae   0x0000071c   Code   RO          591    .text               go_ahead_left.o
    0x080025ca   0x00000002   PAD
    0x080025cc   0x0000018c   Code   RO          649    .text               whole.o
    0x08002758   0x0000018c   Code   RO          662    .text               pwm.o
    0x080028e4   0x00000040   Code   RO          711    .text               startup_stm32f10x_hd.o
    0x08002924   0x000000dc   Code   RO          715    .text               misc.o
    0x08002a00   0x0000011c   Code   RO          841    .text               stm32f10x_exti.o
    0x08002b1c   0x00000618   Code   RO          868    .text               stm32f10x_fsmc.o
    0x08003134   0x00000358   Code   RO          880    .text               stm32f10x_gpio.o
    0x0800348c   0x000003a4   Code   RO          937    .text               stm32f10x_rcc.o
    0x08003830   0x00000e1a   Code   RO          996    .text               stm32f10x_tim.o
    0x0800464a   0x00000002   PAD
    0x0800464c   0x00000408   Code   RO         1008    .text               stm32f10x_usart.o
    0x08004a54   0x000000d0   Code   RO         1035    .text               delay.o
    0x08004b24   0x0000000c   Code   RO         1049    .text               sys.o
    0x08004b30   0x00000098   Code   RO         1068    .text               timer.o
    0x08004bc8   0x000004e0   Code   RO         1086    .text               uart5.o
    0x080050a8   0x00000190   Code   RO         1102    .text               usart1.o
    0x08005238   0x00000002   Code   RO         1127    .text               c_w.l(use_no_semi_2.o)
    0x0800523a   0x00000002   PAD
    0x0800523c   0x00000018   Code   RO         1131    .text               c_w.l(noretval__2printf.o)
    0x08005254   0x00000068   Code   RO         1133    .text               c_w.l(__printf.o)
    0x080052bc   0x00000078   Code   RO         1135    .text               c_w.l(_printf_dec.o)
    0x08005334   0x0000004e   Code   RO         1159    .text               c_w.l(rt_memclr_w.o)
    0x08005382   0x00000006   Code   RO         1161    .text               c_w.l(heapauxi.o)
    0x08005388   0x00000002   Code   RO         1201    .text               c_w.l(use_no_semi.o)
    0x0800538a   0x000000b8   Code   RO         1204    .text               c_w.l(_printf_intcommon.o)
    0x08005442   0x00000002   PAD
    0x08005444   0x00000024   Code   RO         1206    .text               c_w.l(_printf_char_file.o)
    0x08005468   0x00000030   Code   RO         1233    .text               c_w.l(_printf_char_common.o)
    0x08005498   0x00000008   Code   RO         1235    .text               c_w.l(ferror.o)
    0x080054a0   0x0000004a   Code   RO         1239    .text               c_w.l(sys_stackheap_outer.o)
    0x080054ea   0x0000000c   Code   RO         1243    .text               c_w.l(exit.o)
    0x080054f6   0x00000002   PAD
    0x080054f8   0x00000008   Code   RO         1251    .text               c_w.l(libspace.o)
    0x08005500   0x00000150   Code   RO         1165    x$fpl$dadd          fz_ws.l(daddsub_clz.o)
    0x08005650   0x0000005a   Code   RO         1171    x$fpl$dfixu         fz_ws.l(dfixu.o)
    0x080056aa   0x00000002   PAD
    0x080056ac   0x00000154   Code   RO         1175    x$fpl$dmul          fz_ws.l(dmul.o)
    0x08005800   0x0000009c   Code   RO         1209    x$fpl$dnaninf       fz_ws.l(dnaninf.o)
    0x0800589c   0x0000000c   Code   RO         1211    x$fpl$dretinf       fz_ws.l(dretinf.o)
    0x080058a8   0x000001d4   Code   RO         1167    x$fpl$dsub          fz_ws.l(daddsub_clz.o)
    0x08005a7c   0x00000056   Code   RO         1177    x$fpl$f2d           fz_ws.l(f2d.o)
    0x08005ad2   0x00000002   PAD
    0x08005ad4   0x000000c4   Code   RO         1179    x$fpl$fadd          fz_ws.l(faddsub_clz.o)
    0x08005b98   0x00000184   Code   RO         1186    x$fpl$fdiv          fz_ws.l(fdiv.o)
    0x08005d1c   0x0000003e   Code   RO         1189    x$fpl$ffixu         fz_ws.l(ffixu.o)
    0x08005d5a   0x00000002   PAD
    0x08005d5c   0x00000026   Code   RO         1193    x$fpl$ffltu         fz_ws.l(fflt_clz.o)
    0x08005d82   0x00000002   PAD
    0x08005d84   0x00000102   Code   RO         1199    x$fpl$fmul          fz_ws.l(fmul.o)
    0x08005e86   0x0000008c   Code   RO         1213    x$fpl$fnaninf       fz_ws.l(fnaninf.o)
    0x08005f12   0x0000000a   Code   RO         1215    x$fpl$fretinf       fz_ws.l(fretinf.o)
    0x08005f1c   0x00000014   Code   RO         1180    x$fpl$frsb          fz_ws.l(faddsub_clz.o)
    0x08005f30   0x000000ea   Code   RO         1181    x$fpl$fsub          fz_ws.l(faddsub_clz.o)
    0x0800601a   0x00000000   Code   RO         1217    x$fpl$usenofp       fz_ws.l(usenofp.o)
    0x0800601a   0x00000002   PAD
    0x0800601c   0x00000020   Data   RO         1371    Region$$Table       anon$$obj.o


    Execution Region RW_IRAM1 (Base: 0x20000000, Size: 0x00000778, Max: 0x00010000, ABSOLUTE)

    Base Addr    Size         Type   Attr      Idx    E Section Name        Object

    0x20000000   0x00000003   Data   RW            2    .data               main.o
    0x20000003   0x00000001   PAD
    0x20000004   0x00000014   Data   RW          185    .data               system_stm32f10x.o
    0x20000018   0x0000009c   Data   RW          241    .data               bsp_ov7725.o
    0x200000b4   0x00000014   Data   RW          938    .data               stm32f10x_rcc.o
    0x200000c8   0x00000004   Data   RW         1036    .data               delay.o
    0x200000cc   0x00000008   Data   RW         1104    .data               usart1.o
    0x200000d4   0x00000040   Zero   RW         1103    .bss                usart1.o
    0x20000114   0x00000060   Zero   RW         1252    .bss                c_w.l(libspace.o)
    0x20000174   0x00000004   PAD
    0x20000178   0x00000200   Zero   RW          709    HEAP                startup_stm32f10x_hd.o
    0x20000378   0x00000400   Zero   RW          708    STACK               startup_stm32f10x_hd.o


==============================================================================

Image component sizes


      Code (inc. data)   RO Data    RW Data    ZI Data      Debug   Object Name

       856         20          0          0          0     209020   bsp_ili9341_lcd.o
       124          6          0          0          0       1119   bsp_key.o
      1250        172          0        156          0     219693   bsp_ov7725.o
       716          6          0          0          0       2796   bsp_sccb.o
         0          0          0          0          0         32   core_cm3.o
       208         18          0          4          0        983   delay.o
      1820          0          0          0          0       2636   go_ahead.o
      1820          0          0          0          0       2694   go_ahead_left.o
       698          0          0          0          0       1347   left_turn.o
       636         46          0          3          0     237379   main.o
       220         20          0          0          0       1761   misc.o
       396         34          0          0          0       1223   pwm.o
       688          0          0          0          0       1357   right_turn.o
        64         26        304          0       1536        764   startup_stm32f10x_hd.o
       284         10          0          0          0       2195   stm32f10x_exti.o
      1560         54          0          0          0       5307   stm32f10x_fsmc.o
       856         40          0          0          0       5609   stm32f10x_gpio.o
       120         14          0          0          0     255779   stm32f10x_it.o
       932         44          0         20          0       8764   stm32f10x_rcc.o
      3610         88          0          0          0      22092   stm32f10x_tim.o
      1032         22          0          0          0       8332   stm32f10x_usart.o
        12          0          0          0          0        433   sys.o
       476         36          0         20          0       1683   system_stm32f10x.o
       152          8          0          0          0        800   timer.o
      1248         20          0          0          0       3899   uart5.o
       400         24          0          8         64       3140   usart1.o
       396          4          0          0          0       1526   whole.o

    ----------------------------------------------------------------------
     20580        712        336        212       1600    1002363   Object Totals
         0          0         32          0          0          0   (incl. Generated)
         6          0          0          1          0          0   (incl. Padding)

    ----------------------------------------------------------------------

      Code (inc. data)   RO Data    RW Data    ZI Data      Debug   Library Member Name

         8          0          0          0          0         68   __main.o
       104          0          0          0          0         84   __printf.o
        52          8          0          0          0          0   __scatter.o
        26          0          0          0          0          0   __scatter_copy.o
        28          0          0          0          0          0   __scatter_zi.o
        48          6          0          0          0         96   _printf_char_common.o
        36          4          0          0          0         80   _printf_char_file.o
         6          0          0          0          0          0   _printf_d.o
       120         18          0          0          0         92   _printf_dec.o
       184          0          0          0          0         88   _printf_intcommon.o
         0          0          0          0          0          0   _printf_percent.o
         4          0          0          0          0          0   _printf_percent_end.o
        12          0          0          0          0         72   exit.o
         8          0          0          0          0         68   ferror.o
         6          0          0          0          0        152   heapauxi.o
         2          0          0          0          0          0   libinit.o
         2          0          0          0          0          0   libinit2.o
         2          0          0          0          0          0   libshutdown.o
         2          0          0          0          0          0   libshutdown2.o
         8          4          0          0         96         68   libspace.o
        24          4          0          0          0         84   noretval__2printf.o
        78          0          0          0          0         80   rt_memclr_w.o
         0          0          0          0          0          0   rtentry.o
        12          0          0          0          0          0   rtentry2.o
         6          0          0          0          0          0   rtentry4.o
         2          0          0          0          0          0   rtexit.o
        10          0          0          0          0          0   rtexit2.o
        74          0          0          0          0         80   sys_stackheap_outer.o
         2          0          0          0          0         68   use_no_semi.o
         2          0          0          0          0         68   use_no_semi_2.o
       804         16          0          0          0        272   daddsub_clz.o
        90          4          0          0          0         92   dfixu.o
       340         12          0          0          0        104   dmul.o
       156          4          0          0          0         92   dnaninf.o
        12          0          0          0          0         68   dretinf.o
        86          4          0          0          0         84   f2d.o
       450          8          0          0          0        236   faddsub_clz.o
       388         76          0          0          0         96   fdiv.o
        62          4          0          0          0         84   ffixu.o
        38          0          0          0          0         68   fflt_clz.o
       258          4          0          0          0         84   fmul.o
       140          4          0          0          0         84   fnaninf.o
        10          0          0          0          0         68   fretinf.o
         0          0          0          0          0          0   usenofp.o

    ----------------------------------------------------------------------
      3720        180          0          0        100       2680   Library Totals
        18          0          0          0          4          0   (incl. Padding)

    ----------------------------------------------------------------------

      Code (inc. data)   RO Data    RW Data    ZI Data      Debug   Library Name

       868         44          0          0         96       1248   c_w.l
      2834        136          0          0          0       1432   fz_ws.l

    ----------------------------------------------------------------------
      3720        180          0          0        100       2680   Library Totals

    ----------------------------------------------------------------------

==============================================================================


      Code (inc. data)   RO Data    RW Data    ZI Data      Debug   

     24300        892        336        212       1700    1001403   Grand Totals
     24300        892        336        212       1700    1001403   ELF Image Totals
     24300        892        336        212          0          0   ROM Totals

==============================================================================

    Total RO  Size (Code + RO Data)                24636 (  24.06kB)
    Total RW  Size (RW Data + ZI Data)              1912 (   1.87kB)
    Total ROM Size (Code + RO Data + RW Data)      24848 (  24.27kB)

==============================================================================

